2026-08-22 04:29:42,563 [INFO] Catalog: 'Чудокаталог' — Date: 22.08.2026
2026-08-22 04:29:42,564 [INFO] Output file: outputs/Чудокаталог - 22.08.2026.xlsx
2026-08-22 04:29:42,564 [INFO] URL source: TARGET.txt
2026-08-22 04:29:42,564 [INFO] Collection URL(s) to scrape: ['https://uk.representclo.com/collections/all']
2026-08-22 04:29:42,564 [INFO] Collecting product URLs...
2026-08-22 04:29:45,163 [INFO] Page 1: found 64 new product URLs (total 64)
2026-08-22 04:29:48,865 [INFO] Page 2: found 58 new product URLs (total 122)
2026-08-22 04:29:52,256 [INFO] Page 3: found 60 new product URLs (total 182)
2026-08-22 04:29:55,004 [INFO] Page 4: found 60 new product URLs (total 242)
2026-08-22 04:29:57,855 [INFO] Page 5: found 59 new product URLs (total 301)
2026-08-22 04:30:00,690 [INFO] Page 6: found 59 new product URLs (total 360)
2026-08-22 04:30:03,775 [INFO] Page 7: found 59 new product URLs (total 419)
2026-08-22 04:30:07,163 [INFO] Page 8: found 60 new product URLs (total 479)
2026-08-22 04:30:09,978 [INFO] Page 9: found 60 new product URLs (total 539)
2026-08-22 04:30:13,468 [INFO] Page 10: found 60 new product URLs (total 599)
2026-08-22 04:30:16,527 [INFO] Page 11: found 60 new product URLs (total 659)
2026-08-22 04:30:19,528 [INFO] Page 12: found 60 new product URLs (total 719)
2026-08-22 04:30:22,546 [INFO] Page 13: found 60 new product URLs (total 779)
2026-08-22 04:30:25,718 [INFO] Page 14: found 60 new product URLs (total 839)
2026-08-22 04:30:28,709 [INFO] Page 15: found 60 new product URLs (total 899)
2026-08-22 04:30:31,487 [INFO] Page 16: found 60 new product URLs (total 959)
2026-08-22 04:30:34,809 [INFO] Page 17: found 60 new product URLs (total 1019)
2026-08-22 04:30:37,703 [INFO] Page 18: found 60 new product URLs (total 1079)
2026-08-22 04:30:40,271 [INFO] Page 19: found 60 new product URLs (total 1139)
2026-08-22 04:30:43,059 [INFO] Page 20: found 60 new product URLs (total 1199)
2026-08-22 04:30:46,921 [INFO] Page 21: found 60 new product URLs (total 1259)
2026-08-22 04:30:49,631 [INFO] Page 22: found 60 new product URLs (total 1319)
2026-08-22 04:30:52,371 [INFO] Page 23: found 60 new product URLs (total 1379)
2026-08-22 04:30:55,026 [INFO] Page 24: found 60 new product URLs (total 1439)
2026-08-22 04:30:57,712 [INFO] Page 25: found 42 new product URLs (total 1481)
2026-08-22 04:30:59,072 [INFO] Page 26: no new products — stopping pagination
2026-08-22 04:30:59,074 [INFO] Found 1481 unique product URLs
2026-08-22 04:51:36,712 [WARNING] No sizes found for https://uk.representclo.com/products/london-store-hoodie-jet-black
2026-08-22 04:51:38,182 [WARNING] No sizes found for https://uk.representclo.com/products/london-store-t-shirt-flat-white
2026-08-22 04:51:39,538 [WARNING] No sizes found for https://uk.representclo.com/products/london-store-t-shirt-jet-black
2026-08-22 04:52:07,061 [WARNING] No sizes found for https://uk.representclo.com/products/manchester-store-hoodie-black
2026-08-22 04:52:08,458 [WARNING] No sizes found for https://uk.representclo.com/products/manchester-store-hoodie-flat-white
2026-08-22 04:52:09,800 [WARNING] No sizes found for https://uk.representclo.com/products/manchester-store-t-shirt-black
2026-08-22 04:52:11,086 [WARNING] No sizes found for https://uk.representclo.com/products/manchester-store-t-shirt-flat-white
2026-08-22 04:54:20,075 [WARNING] No sizes found for https://uk.representclo.com/products/owners-club-cafe-hat-antique-white
2026-08-22 04:54:21,435 [WARNING] No sizes found for https://uk.representclo.com/products/owners-club-cafe-hat-black-coffee
2026-08-22 04:54:22,822 [WARNING] No sizes found for https://uk.representclo.com/products/owners-club-cafe-hoodie-black-coffee
2026-08-22 04:54:24,072 [WARNING] No sizes found for https://uk.representclo.com/products/owners-club-cafe-t-shirt-antique-white
2026-08-22 04:54:25,489 [WARNING] No sizes found for https://uk.representclo.com/products/owners-club-cafe-t-shirt-black-coffee
2026-08-22 05:08:12,393 [WARNING] No sizes found for https://uk.representclo.com/products/three-dogs-jersey-jet-black
2026-08-22 05:08:13,869 [WARNING] No sizes found for https://uk.representclo.com/products/three-dogs-jersey-mid-brown
2026-08-22 05:09:39,196 [WARNING] No sizes found for https://uk.representclo.com/products/your-times-up-hoodie-vintage-grey-vintage-black
2026-08-22 05:09:40,632 [WARNING] No sizes found for https://uk.representclo.com/products/your-times-up-t-shirt-vintage-grey-vintage-black
2026-08-22 05:09:42,926 [INFO] Saved 9117 rows to outputs/Чудокаталог - 22.08.2026.csv
2026-08-22 05:09:44,531 [INFO] Excel report saved to outputs/Чудокаталог - 22.08.2026.xlsx
2026-08-22 05:09:44,531 [INFO] Done. Saved 9117 rows to outputs/Чудокаталог - 22.08.2026.csv and outputs/Чудокаталог - 22.08.2026.xlsx
