2026-08-21 04:35:05,139 [INFO] Catalog: 'Чудокаталог' — Date: 21.08.2026
2026-08-21 04:35:05,139 [INFO] Output file: outputs/Чудокаталог - 21.08.2026.xlsx
2026-08-21 04:35:05,139 [INFO] URL source: TARGET.txt
2026-08-21 04:35:05,139 [INFO] Collection URL(s) to scrape: ['https://uk.representclo.com/collections/all']
2026-08-21 04:35:05,139 [INFO] Collecting product URLs...
2026-08-21 04:35:07,667 [INFO] Page 1: found 63 new product URLs (total 63)
2026-08-21 04:35:11,424 [INFO] Page 2: found 59 new product URLs (total 122)
2026-08-21 04:35:14,783 [INFO] Page 3: found 60 new product URLs (total 182)
2026-08-21 04:35:17,970 [INFO] Page 4: found 60 new product URLs (total 242)
2026-08-21 04:35:21,628 [INFO] Page 5: found 58 new product URLs (total 300)
2026-08-21 04:35:24,891 [INFO] Page 6: found 60 new product URLs (total 360)
2026-08-21 04:35:27,996 [INFO] Page 7: found 59 new product URLs (total 419)
2026-08-21 04:35:30,834 [INFO] Page 8: found 60 new product URLs (total 479)
2026-08-21 04:35:34,388 [INFO] Page 9: found 60 new product URLs (total 539)
2026-08-21 04:35:38,070 [INFO] Page 10: found 60 new product URLs (total 599)
2026-08-21 04:35:41,039 [INFO] Page 11: found 60 new product URLs (total 659)
2026-08-21 04:35:44,566 [INFO] Page 12: found 60 new product URLs (total 719)
2026-08-21 04:35:47,783 [INFO] Page 13: found 60 new product URLs (total 779)
2026-08-21 04:35:51,297 [INFO] Page 14: found 60 new product URLs (total 839)
2026-08-21 04:35:54,713 [INFO] Page 15: found 60 new product URLs (total 899)
2026-08-21 04:35:57,788 [INFO] Page 16: found 60 new product URLs (total 959)
2026-08-21 04:36:01,196 [INFO] Page 17: found 60 new product URLs (total 1019)
2026-08-21 04:36:04,537 [INFO] Page 18: found 60 new product URLs (total 1079)
2026-08-21 04:36:07,523 [INFO] Page 19: found 60 new product URLs (total 1139)
2026-08-21 04:36:10,830 [INFO] Page 20: found 60 new product URLs (total 1199)
2026-08-21 04:36:13,943 [INFO] Page 21: found 60 new product URLs (total 1259)
2026-08-21 04:36:16,775 [INFO] Page 22: found 60 new product URLs (total 1319)
2026-08-21 04:36:19,901 [INFO] Page 23: found 60 new product URLs (total 1379)
2026-08-21 04:36:22,564 [INFO] Page 24: found 60 new product URLs (total 1439)
2026-08-21 04:36:25,239 [INFO] Page 25: found 42 new product URLs (total 1481)
2026-08-21 04:36:26,836 [INFO] Page 26: no new products — stopping pagination
2026-08-21 04:36:26,837 [INFO] Found 1481 unique product URLs
2026-08-21 04:58:19,409 [WARNING] No sizes found for https://uk.representclo.com/products/london-store-hoodie-jet-black
2026-08-21 04:58:20,944 [WARNING] No sizes found for https://uk.representclo.com/products/london-store-t-shirt-flat-white
2026-08-21 04:58:22,400 [WARNING] No sizes found for https://uk.representclo.com/products/london-store-t-shirt-jet-black
2026-08-21 04:58:53,189 [WARNING] No sizes found for https://uk.representclo.com/products/manchester-store-hoodie-black
2026-08-21 04:58:54,630 [WARNING] No sizes found for https://uk.representclo.com/products/manchester-store-hoodie-flat-white
2026-08-21 04:58:56,107 [WARNING] No sizes found for https://uk.representclo.com/products/manchester-store-t-shirt-black
2026-08-21 04:58:57,844 [WARNING] No sizes found for https://uk.representclo.com/products/manchester-store-t-shirt-flat-white
2026-08-21 05:01:22,284 [WARNING] No sizes found for https://uk.representclo.com/products/owners-club-cafe-hat-antique-white
2026-08-21 05:01:23,850 [WARNING] No sizes found for https://uk.representclo.com/products/owners-club-cafe-hat-black-coffee
2026-08-21 05:01:25,656 [WARNING] No sizes found for https://uk.representclo.com/products/owners-club-cafe-hoodie-black-coffee
2026-08-21 05:01:27,321 [WARNING] No sizes found for https://uk.representclo.com/products/owners-club-cafe-t-shirt-antique-white
2026-08-21 05:01:28,848 [WARNING] No sizes found for https://uk.representclo.com/products/owners-club-cafe-t-shirt-black-coffee
2026-08-21 05:16:46,166 [WARNING] No sizes found for https://uk.representclo.com/products/three-dogs-jersey-jet-black
2026-08-21 05:16:47,673 [WARNING] No sizes found for https://uk.representclo.com/products/three-dogs-jersey-mid-brown
2026-08-21 05:18:20,384 [WARNING] No sizes found for https://uk.representclo.com/products/your-times-up-hoodie-vintage-grey-vintage-black
2026-08-21 05:18:22,015 [WARNING] No sizes found for https://uk.representclo.com/products/your-times-up-t-shirt-vintage-grey-vintage-black
2026-08-21 05:18:24,402 [INFO] Saved 9117 rows to outputs/Чудокаталог - 21.08.2026.csv
2026-08-21 05:18:25,210 [INFO] Excel report saved to outputs/Чудокаталог - 21.08.2026.xlsx
2026-08-21 05:18:25,210 [INFO] Done. Saved 9117 rows to outputs/Чудокаталог - 21.08.2026.csv and outputs/Чудокаталог - 21.08.2026.xlsx
