2026-09-28 10:32:10,765 [INFO] Catalog: 'Чудокаталог' — Date: 28.09.2026
2026-09-28 10:32:10,765 [INFO] Output file: outputs/Чудокаталог - 28.09.2026.xlsx
2026-09-28 10:32:10,765 [INFO] URL source: TARGET.txt
2026-09-28 10:32:10,765 [INFO] Collection URL(s) to scrape: ['https://uk.representclo.com/collections/all']
2026-09-28 10:32:10,765 [INFO] Collecting product URLs...
2026-09-28 10:32:12,738 [INFO] Page 1: found 64 new product URLs (total 64)
2026-09-28 10:32:14,744 [INFO] Page 2: found 60 new product URLs (total 124)
2026-09-28 10:32:17,263 [INFO] Page 3: found 59 new product URLs (total 183)
2026-09-28 10:32:20,061 [INFO] Page 4: found 60 new product URLs (total 243)
2026-09-28 10:32:23,110 [INFO] Page 5: found 58 new product URLs (total 301)
2026-09-28 10:32:26,071 [INFO] Page 6: found 59 new product URLs (total 360)
2026-09-28 10:32:28,552 [INFO] Page 7: found 59 new product URLs (total 419)
2026-09-28 10:32:31,187 [INFO] Page 8: found 60 new product URLs (total 479)
2026-09-28 10:32:33,986 [INFO] Page 9: found 60 new product URLs (total 539)
2026-09-28 10:32:36,795 [INFO] Page 10: found 60 new product URLs (total 599)
2026-09-28 10:32:39,506 [INFO] Page 11: found 60 new product URLs (total 659)
2026-09-28 10:32:42,075 [INFO] Page 12: found 60 new product URLs (total 719)
2026-09-28 10:32:44,937 [INFO] Page 13: found 60 new product URLs (total 779)
2026-09-28 10:32:47,324 [INFO] Page 14: found 60 new product URLs (total 839)
2026-09-28 10:32:50,006 [INFO] Page 15: found 60 new product URLs (total 899)
2026-09-28 10:32:52,531 [INFO] Page 16: found 60 new product URLs (total 959)
2026-09-28 10:32:55,614 [INFO] Page 17: found 60 new product URLs (total 1019)
2026-09-28 10:32:58,501 [INFO] Page 18: found 60 new product URLs (total 1079)
2026-09-28 10:33:00,375 [INFO] Page 19: found 35 new product URLs (total 1114)
2026-09-28 10:33:01,932 [INFO] Page 20: no new products — stopping pagination
2026-09-28 10:33:01,934 [INFO] Found 1114 unique product URLs
2026-09-28 10:48:49,656 [WARNING] No sizes found for https://uk.representclo.com/products/london-store-hoodie-jet-black
2026-09-28 10:48:51,015 [WARNING] No sizes found for https://uk.representclo.com/products/london-store-t-shirt-flat-white
2026-09-28 10:48:52,307 [WARNING] No sizes found for https://uk.representclo.com/products/london-store-t-shirt-jet-black
2026-09-28 10:49:14,219 [WARNING] No sizes found for https://uk.representclo.com/products/manchester-store-hoodie-black
2026-09-28 10:49:15,614 [WARNING] No sizes found for https://uk.representclo.com/products/manchester-store-hoodie-flat-white
2026-09-28 10:49:16,940 [WARNING] No sizes found for https://uk.representclo.com/products/manchester-store-t-shirt-black
2026-09-28 10:49:18,334 [WARNING] No sizes found for https://uk.representclo.com/products/manchester-store-t-shirt-flat-white
2026-09-28 10:50:51,707 [WARNING] No sizes found for https://uk.representclo.com/products/owners-club-cafe-hat-antique-white
2026-09-28 10:50:53,283 [WARNING] No sizes found for https://uk.representclo.com/products/owners-club-cafe-hat-black-coffee
2026-09-28 10:50:54,839 [WARNING] No sizes found for https://uk.representclo.com/products/owners-club-cafe-hoodie-black-coffee
2026-09-28 10:50:56,383 [WARNING] No sizes found for https://uk.representclo.com/products/owners-club-cafe-t-shirt-antique-white
2026-09-28 10:50:57,827 [WARNING] No sizes found for https://uk.representclo.com/products/owners-club-cafe-t-shirt-black-coffee
2026-09-28 11:01:25,550 [WARNING] No sizes found for https://uk.representclo.com/products/three-dogs-jersey-jet-black
2026-09-28 11:01:27,138 [WARNING] No sizes found for https://uk.representclo.com/products/three-dogs-jersey-mid-brown
2026-09-28 11:02:35,198 [WARNING] No sizes found for https://uk.representclo.com/products/your-times-up-hoodie-vintage-grey-vintage-black
2026-09-28 11:02:37,783 [INFO] Saved 6639 rows to outputs/Чудокаталог - 28.09.2026.csv
2026-09-28 11:02:38,341 [INFO] Excel report saved to outputs/Чудокаталог - 28.09.2026.xlsx
2026-09-28 11:02:38,341 [INFO] Done. Saved 6639 rows to outputs/Чудокаталог - 28.09.2026.csv and outputs/Чудокаталог - 28.09.2026.xlsx
