2026-08-31 10:30:08,778 [INFO] Catalog: 'Чудокаталог' — Date: 31.08.2026
2026-08-31 10:30:08,778 [INFO] Output file: outputs/Чудокаталог - 31.08.2026.xlsx
2026-08-31 10:30:08,779 [INFO] URL source: TARGET.txt
2026-08-31 10:30:08,779 [INFO] Collection URL(s) to scrape: ['https://uk.representclo.com/collections/all']
2026-08-31 10:30:08,779 [INFO] Collecting product URLs...
2026-08-31 10:30:11,307 [INFO] Page 1: found 64 new product URLs (total 64)
2026-08-31 10:30:14,328 [INFO] Page 2: found 60 new product URLs (total 124)
2026-08-31 10:30:17,468 [INFO] Page 3: found 59 new product URLs (total 183)
2026-08-31 10:30:20,716 [INFO] Page 4: found 60 new product URLs (total 243)
2026-08-31 10:30:23,903 [INFO] Page 5: found 59 new product URLs (total 302)
2026-08-31 10:30:26,893 [INFO] Page 6: found 59 new product URLs (total 361)
2026-08-31 10:30:29,801 [INFO] Page 7: found 59 new product URLs (total 420)
2026-08-31 10:30:32,784 [INFO] Page 8: found 60 new product URLs (total 480)
2026-08-31 10:30:35,255 [INFO] Page 9: found 60 new product URLs (total 540)
2026-08-31 10:30:38,342 [INFO] Page 10: found 59 new product URLs (total 599)
2026-08-31 10:30:41,227 [INFO] Page 11: found 60 new product URLs (total 659)
2026-08-31 10:30:44,111 [INFO] Page 12: found 60 new product URLs (total 719)
2026-08-31 10:30:46,680 [INFO] Page 13: found 60 new product URLs (total 779)
2026-08-31 10:30:49,397 [INFO] Page 14: found 60 new product URLs (total 839)
2026-08-31 10:30:51,809 [INFO] Page 15: found 60 new product URLs (total 899)
2026-08-31 10:30:54,836 [INFO] Page 16: found 60 new product URLs (total 959)
2026-08-31 10:30:57,260 [INFO] Page 17: found 60 new product URLs (total 1019)
2026-08-31 10:31:00,300 [INFO] Page 18: found 60 new product URLs (total 1079)
2026-08-31 10:31:02,794 [INFO] Page 19: found 60 new product URLs (total 1139)
2026-08-31 10:31:05,823 [INFO] Page 20: found 60 new product URLs (total 1199)
2026-08-31 10:31:08,928 [INFO] Page 21: found 60 new product URLs (total 1259)
2026-08-31 10:31:11,416 [INFO] Page 22: found 60 new product URLs (total 1319)
2026-08-31 10:31:14,155 [INFO] Page 23: found 60 new product URLs (total 1379)
2026-08-31 10:31:16,793 [INFO] Page 24: found 60 new product URLs (total 1439)
2026-08-31 10:31:19,623 [INFO] Page 25: found 54 new product URLs (total 1493)
2026-08-31 10:31:20,979 [INFO] Page 26: no new products — stopping pagination
2026-08-31 10:31:20,981 [INFO] Found 1493 unique product URLs
2026-08-31 10:50:59,488 [WARNING] No sizes found for https://uk.representclo.com/products/london-store-hoodie-jet-black
2026-08-31 10:51:00,926 [WARNING] No sizes found for https://uk.representclo.com/products/london-store-t-shirt-flat-white
2026-08-31 10:51:02,164 [WARNING] No sizes found for https://uk.representclo.com/products/london-store-t-shirt-jet-black
2026-08-31 10:51:29,401 [WARNING] No sizes found for https://uk.representclo.com/products/manchester-store-hoodie-black
2026-08-31 10:51:30,827 [WARNING] No sizes found for https://uk.representclo.com/products/manchester-store-hoodie-flat-white
2026-08-31 10:51:32,088 [WARNING] No sizes found for https://uk.representclo.com/products/manchester-store-t-shirt-black
2026-08-31 10:51:33,536 [WARNING] No sizes found for https://uk.representclo.com/products/manchester-store-t-shirt-flat-white
2026-08-31 10:53:39,541 [WARNING] No sizes found for https://uk.representclo.com/products/owners-club-cafe-hat-antique-white
2026-08-31 10:53:40,846 [WARNING] No sizes found for https://uk.representclo.com/products/owners-club-cafe-hat-black-coffee
2026-08-31 10:53:42,194 [WARNING] No sizes found for https://uk.representclo.com/products/owners-club-cafe-hoodie-black-coffee
2026-08-31 10:53:43,402 [WARNING] No sizes found for https://uk.representclo.com/products/owners-club-cafe-t-shirt-antique-white
2026-08-31 10:53:44,654 [WARNING] No sizes found for https://uk.representclo.com/products/owners-club-cafe-t-shirt-black-coffee
2026-08-31 11:07:24,782 [WARNING] No sizes found for https://uk.representclo.com/products/three-dogs-jersey-jet-black
2026-08-31 11:07:26,074 [WARNING] No sizes found for https://uk.representclo.com/products/three-dogs-jersey-mid-brown
2026-08-31 11:08:50,267 [WARNING] No sizes found for https://uk.representclo.com/products/your-times-up-hoodie-vintage-grey-vintage-black
2026-08-31 11:08:51,758 [WARNING] No sizes found for https://uk.representclo.com/products/your-times-up-t-shirt-vintage-grey-vintage-black
2026-08-31 11:08:53,931 [INFO] Saved 9187 rows to outputs/Чудокаталог - 31.08.2026.csv
2026-08-31 11:08:55,564 [INFO] Excel report saved to outputs/Чудокаталог - 31.08.2026.xlsx
2026-08-31 11:08:55,564 [INFO] Done. Saved 9187 rows to outputs/Чудокаталог - 31.08.2026.csv and outputs/Чудокаталог - 31.08.2026.xlsx
