2026-10-10 10:24:38,677 [INFO] Catalog: 'Чудокаталог' — Date: 10.10.2026
2026-10-10 10:24:38,677 [INFO] Output file: outputs/Чудокаталог - 10.10.2026.xlsx
2026-10-10 10:24:38,677 [INFO] URL source: TARGET.txt
2026-10-10 10:24:38,677 [INFO] Collection URL(s) to scrape: ['https://uk.representclo.com/collections/all']
2026-10-10 10:24:38,677 [INFO] Collecting product URLs...
2026-10-10 10:24:40,750 [INFO] Page 1: found 64 new product URLs (total 64)
2026-10-10 10:24:43,093 [INFO] Page 2: found 60 new product URLs (total 124)
2026-10-10 10:24:45,999 [INFO] Page 3: found 59 new product URLs (total 183)
2026-10-10 10:24:49,048 [INFO] Page 4: found 59 new product URLs (total 242)
2026-10-10 10:24:51,742 [INFO] Page 5: found 58 new product URLs (total 300)
2026-10-10 10:24:54,633 [INFO] Page 6: found 59 new product URLs (total 359)
2026-10-10 10:24:58,113 [INFO] Page 7: found 60 new product URLs (total 419)
2026-10-10 10:25:01,175 [INFO] Page 8: found 60 new product URLs (total 479)
2026-10-10 10:25:03,900 [INFO] Page 9: found 60 new product URLs (total 539)
2026-10-10 10:25:06,844 [INFO] Page 10: found 60 new product URLs (total 599)
2026-10-10 10:25:10,013 [INFO] Page 11: found 60 new product URLs (total 659)
2026-10-10 10:25:13,231 [INFO] Page 12: found 60 new product URLs (total 719)
2026-10-10 10:25:16,029 [INFO] Page 13: found 60 new product URLs (total 779)
2026-10-10 10:25:19,780 [INFO] Page 14: found 60 new product URLs (total 839)
2026-10-10 10:25:22,179 [INFO] Page 15: found 60 new product URLs (total 899)
2026-10-10 10:25:25,066 [INFO] Page 16: found 60 new product URLs (total 959)
2026-10-10 10:25:27,347 [INFO] Page 17: found 60 new product URLs (total 1019)
2026-10-10 10:25:29,566 [INFO] Page 18: found 60 new product URLs (total 1079)
2026-10-10 10:25:32,913 [INFO] Page 19: found 60 new product URLs (total 1139)
2026-10-10 10:25:34,150 [INFO] Page 20: found 3 new product URLs (total 1142)
2026-10-10 10:25:35,511 [INFO] Page 21: no new products — stopping pagination
2026-10-10 10:25:35,512 [INFO] Found 1142 unique product URLs
2026-10-10 10:41:11,873 [WARNING] No sizes found for https://uk.representclo.com/products/london-store-hoodie-jet-black
2026-10-10 10:41:13,110 [WARNING] No sizes found for https://uk.representclo.com/products/london-store-t-shirt-flat-white
2026-10-10 10:41:14,274 [WARNING] No sizes found for https://uk.representclo.com/products/london-store-t-shirt-jet-black
2026-10-10 10:41:34,807 [WARNING] No sizes found for https://uk.representclo.com/products/manchester-store-hoodie-black
2026-10-10 10:41:36,012 [WARNING] No sizes found for https://uk.representclo.com/products/manchester-store-hoodie-flat-white
2026-10-10 10:41:37,325 [WARNING] No sizes found for https://uk.representclo.com/products/manchester-store-t-shirt-black
2026-10-10 10:41:38,596 [WARNING] No sizes found for https://uk.representclo.com/products/manchester-store-t-shirt-flat-white
2026-10-10 10:43:04,258 [WARNING] No sizes found for https://uk.representclo.com/products/owners-club-cafe-hat-antique-white
2026-10-10 10:43:05,941 [WARNING] No sizes found for https://uk.representclo.com/products/owners-club-cafe-hat-black-coffee
2026-10-10 10:43:07,209 [WARNING] No sizes found for https://uk.representclo.com/products/owners-club-cafe-hoodie-black-coffee
2026-10-10 10:43:08,439 [WARNING] No sizes found for https://uk.representclo.com/products/owners-club-cafe-t-shirt-antique-white
2026-10-10 10:43:09,699 [WARNING] No sizes found for https://uk.representclo.com/products/owners-club-cafe-t-shirt-black-coffee
2026-10-10 10:52:43,308 [WARNING] No sizes found for https://uk.representclo.com/products/three-dogs-jersey-jet-black
2026-10-10 10:52:44,832 [WARNING] No sizes found for https://uk.representclo.com/products/three-dogs-jersey-mid-brown
2026-10-10 10:53:47,044 [WARNING] No sizes found for https://uk.representclo.com/products/your-times-up-hoodie-vintage-grey-vintage-black
2026-10-10 10:53:49,195 [INFO] Saved 6912 rows to outputs/Чудокаталог - 10.10.2026.csv
2026-10-10 10:53:50,232 [INFO] Excel report saved to outputs/Чудокаталог - 10.10.2026.xlsx
2026-10-10 10:53:50,232 [INFO] Done. Saved 6912 rows to outputs/Чудокаталог - 10.10.2026.csv and outputs/Чудокаталог - 10.10.2026.xlsx
