2026-08-28 15:53:46,753 [INFO] Catalog: 'Чудокаталог' — Date: 28.08.2026
2026-08-28 15:53:46,753 [INFO] Output file: outputs/Чудокаталог - 28.08.2026.xlsx
2026-08-28 15:53:46,753 [INFO] URL source: TARGET.txt
2026-08-28 15:53:46,753 [INFO] Collection URL(s) to scrape: ['https://uk.representclo.com/collections/all']
2026-08-28 15:53:46,753 [INFO] Collecting product URLs...
2026-08-28 15:53:49,143 [INFO] Page 1: found 63 new product URLs (total 63)
2026-08-28 15:53:52,125 [INFO] Page 2: found 59 new product URLs (total 122)
2026-08-28 15:53:55,423 [INFO] Page 3: found 60 new product URLs (total 182)
2026-08-28 15:53:58,367 [INFO] Page 4: found 60 new product URLs (total 242)
2026-08-28 15:54:01,330 [INFO] Page 5: found 58 new product URLs (total 300)
2026-08-28 15:54:04,554 [INFO] Page 6: found 60 new product URLs (total 360)
2026-08-28 15:54:07,572 [INFO] Page 7: found 60 new product URLs (total 420)
2026-08-28 15:54:10,497 [INFO] Page 8: found 59 new product URLs (total 479)
2026-08-28 15:54:13,711 [INFO] Page 9: found 60 new product URLs (total 539)
2026-08-28 15:54:17,315 [INFO] Page 10: found 60 new product URLs (total 599)
2026-08-28 15:54:20,163 [INFO] Page 11: found 60 new product URLs (total 659)
2026-08-28 15:54:23,039 [INFO] Page 12: found 60 new product URLs (total 719)
2026-08-28 15:54:26,032 [INFO] Page 13: found 60 new product URLs (total 779)
2026-08-28 15:54:29,125 [INFO] Page 14: found 60 new product URLs (total 839)
2026-08-28 15:54:32,093 [INFO] Page 15: found 60 new product URLs (total 899)
2026-08-28 15:54:35,278 [INFO] Page 16: found 60 new product URLs (total 959)
2026-08-28 15:54:38,337 [INFO] Page 17: found 60 new product URLs (total 1019)
2026-08-28 15:54:41,639 [INFO] Page 18: found 60 new product URLs (total 1079)
2026-08-28 15:54:44,248 [INFO] Page 19: found 60 new product URLs (total 1139)
2026-08-28 15:54:47,492 [INFO] Page 20: found 60 new product URLs (total 1199)
2026-08-28 15:54:51,083 [INFO] Page 21: found 60 new product URLs (total 1259)
2026-08-28 15:54:54,235 [INFO] Page 22: found 60 new product URLs (total 1319)
2026-08-28 15:54:56,799 [INFO] Page 23: found 60 new product URLs (total 1379)
2026-08-28 15:54:59,739 [INFO] Page 24: found 60 new product URLs (total 1439)
2026-08-28 15:55:02,419 [INFO] Page 25: found 54 new product URLs (total 1493)
2026-08-28 15:55:03,846 [INFO] Page 26: no new products — stopping pagination
2026-08-28 15:55:03,848 [INFO] Found 1493 unique product URLs
2026-08-28 16:17:03,183 [WARNING] No sizes found for https://uk.representclo.com/products/london-store-hoodie-jet-black
2026-08-28 16:17:04,672 [WARNING] No sizes found for https://uk.representclo.com/products/london-store-t-shirt-flat-white
2026-08-28 16:17:06,413 [WARNING] No sizes found for https://uk.representclo.com/products/london-store-t-shirt-jet-black
2026-08-28 16:17:37,144 [WARNING] No sizes found for https://uk.representclo.com/products/manchester-store-hoodie-black
2026-08-28 16:17:38,910 [WARNING] No sizes found for https://uk.representclo.com/products/manchester-store-hoodie-flat-white
2026-08-28 16:17:40,379 [WARNING] No sizes found for https://uk.representclo.com/products/manchester-store-t-shirt-black
2026-08-28 16:17:41,778 [WARNING] No sizes found for https://uk.representclo.com/products/manchester-store-t-shirt-flat-white
2026-08-28 16:20:01,526 [WARNING] No sizes found for https://uk.representclo.com/products/owners-club-cafe-hat-antique-white
2026-08-28 16:20:02,882 [WARNING] No sizes found for https://uk.representclo.com/products/owners-club-cafe-hat-black-coffee
2026-08-28 16:20:04,425 [WARNING] No sizes found for https://uk.representclo.com/products/owners-club-cafe-hoodie-black-coffee
2026-08-28 16:20:05,790 [WARNING] No sizes found for https://uk.representclo.com/products/owners-club-cafe-t-shirt-antique-white
2026-08-28 16:20:07,192 [WARNING] No sizes found for https://uk.representclo.com/products/owners-club-cafe-t-shirt-black-coffee
2026-08-28 16:34:54,707 [WARNING] No sizes found for https://uk.representclo.com/products/three-dogs-jersey-jet-black
2026-08-28 16:34:56,162 [WARNING] No sizes found for https://uk.representclo.com/products/three-dogs-jersey-mid-brown
2026-08-28 16:36:27,356 [WARNING] No sizes found for https://uk.representclo.com/products/your-times-up-hoodie-vintage-grey-vintage-black
2026-08-28 16:36:28,786 [WARNING] No sizes found for https://uk.representclo.com/products/your-times-up-t-shirt-vintage-grey-vintage-black
2026-08-28 16:36:31,163 [INFO] Saved 9187 rows to outputs/Чудокаталог - 28.08.2026.csv
2026-08-28 16:36:32,564 [INFO] Excel report saved to outputs/Чудокаталог - 28.08.2026.xlsx
2026-08-28 16:36:32,564 [INFO] Done. Saved 9187 rows to outputs/Чудокаталог - 28.08.2026.csv and outputs/Чудокаталог - 28.08.2026.xlsx
