2026-10-01 10:42:59,787 [INFO] Catalog: 'Чудокаталог' — Date: 01.10.2026
2026-10-01 10:42:59,787 [INFO] Output file: outputs/Чудокаталог - 01.10.2026.xlsx
2026-10-01 10:42:59,787 [INFO] URL source: TARGET.txt
2026-10-01 10:42:59,787 [INFO] Collection URL(s) to scrape: ['https://uk.representclo.com/collections/all']
2026-10-01 10:42:59,787 [INFO] Collecting product URLs...
2026-10-01 10:43:01,554 [INFO] Page 1: found 64 new product URLs (total 64)
2026-10-01 10:43:04,090 [INFO] Page 2: found 60 new product URLs (total 124)
2026-10-01 10:43:06,462 [INFO] Page 3: found 60 new product URLs (total 184)
2026-10-01 10:43:09,029 [INFO] Page 4: found 59 new product URLs (total 243)
2026-10-01 10:43:11,693 [INFO] Page 5: found 58 new product URLs (total 301)
2026-10-01 10:43:13,957 [INFO] Page 6: found 59 new product URLs (total 360)
2026-10-01 10:43:16,244 [INFO] Page 7: found 59 new product URLs (total 419)
2026-10-01 10:43:18,660 [INFO] Page 8: found 60 new product URLs (total 479)
2026-10-01 10:43:20,965 [INFO] Page 9: found 60 new product URLs (total 539)
2026-10-01 10:43:23,337 [INFO] Page 10: found 60 new product URLs (total 599)
2026-10-01 10:43:25,869 [INFO] Page 11: found 60 new product URLs (total 659)
2026-10-01 10:43:28,503 [INFO] Page 12: found 60 new product URLs (total 719)
2026-10-01 10:43:31,880 [INFO] Page 13: found 60 new product URLs (total 779)
2026-10-01 10:43:34,678 [INFO] Page 14: found 60 new product URLs (total 839)
2026-10-01 10:43:37,222 [INFO] Page 15: found 60 new product URLs (total 899)
2026-10-01 10:43:39,548 [INFO] Page 16: found 60 new product URLs (total 959)
2026-10-01 10:43:41,878 [INFO] Page 17: found 60 new product URLs (total 1019)
2026-10-01 10:43:44,184 [INFO] Page 18: found 60 new product URLs (total 1079)
2026-10-01 10:43:46,569 [INFO] Page 19: found 60 new product URLs (total 1139)
2026-10-01 10:43:47,967 [INFO] Page 20: no new products — stopping pagination
2026-10-01 10:43:47,969 [INFO] Found 1139 unique product URLs
2026-10-01 10:58:21,385 [WARNING] No sizes found for https://uk.representclo.com/products/london-store-hoodie-jet-black
2026-10-01 10:58:22,590 [WARNING] No sizes found for https://uk.representclo.com/products/london-store-t-shirt-flat-white
2026-10-01 10:58:23,811 [WARNING] No sizes found for https://uk.representclo.com/products/london-store-t-shirt-jet-black
2026-10-01 10:58:43,559 [WARNING] No sizes found for https://uk.representclo.com/products/manchester-store-hoodie-black
2026-10-01 10:58:44,793 [WARNING] No sizes found for https://uk.representclo.com/products/manchester-store-hoodie-flat-white
2026-10-01 10:58:45,998 [WARNING] No sizes found for https://uk.representclo.com/products/manchester-store-t-shirt-black
2026-10-01 10:58:47,190 [WARNING] No sizes found for https://uk.representclo.com/products/manchester-store-t-shirt-flat-white
2026-10-01 11:00:14,400 [WARNING] No sizes found for https://uk.representclo.com/products/owners-club-cafe-hat-antique-white
2026-10-01 11:00:15,795 [WARNING] No sizes found for https://uk.representclo.com/products/owners-club-cafe-hat-black-coffee
2026-10-01 11:00:17,103 [WARNING] No sizes found for https://uk.representclo.com/products/owners-club-cafe-hoodie-black-coffee
2026-10-01 11:00:18,333 [WARNING] No sizes found for https://uk.representclo.com/products/owners-club-cafe-t-shirt-antique-white
2026-10-01 11:00:19,794 [WARNING] No sizes found for https://uk.representclo.com/products/owners-club-cafe-t-shirt-black-coffee
2026-10-01 11:09:57,898 [WARNING] No sizes found for https://uk.representclo.com/products/three-dogs-jersey-jet-black
2026-10-01 11:09:59,308 [WARNING] No sizes found for https://uk.representclo.com/products/three-dogs-jersey-mid-brown
2026-10-01 11:10:55,459 [WARNING] No sizes found for https://uk.representclo.com/products/your-times-up-hoodie-vintage-grey-vintage-black
2026-10-01 11:10:57,437 [INFO] Saved 6778 rows to outputs/Чудокаталог - 01.10.2026.csv
2026-10-01 11:10:58,402 [INFO] Excel report saved to outputs/Чудокаталог - 01.10.2026.xlsx
2026-10-01 11:10:58,402 [INFO] Done. Saved 6778 rows to outputs/Чудокаталог - 01.10.2026.csv and outputs/Чудокаталог - 01.10.2026.xlsx
