2026-08-17 04:38:33,058 [INFO] Catalog: 'Чудокаталог' — Date: 17.08.2026
2026-08-17 04:38:33,058 [INFO] Output file: outputs/Чудокаталог - 17.08.2026.xlsx
2026-08-17 04:38:33,058 [INFO] URL source: TARGET.txt
2026-08-17 04:38:33,058 [INFO] Collection URL(s) to scrape: ['https://uk.representclo.com/collections/all']
2026-08-17 04:38:33,058 [INFO] Collecting product URLs...
2026-08-17 04:38:35,296 [INFO] Page 1: found 63 new product URLs (total 63)
2026-08-17 04:38:38,105 [INFO] Page 2: found 60 new product URLs (total 123)
2026-08-17 04:38:41,162 [INFO] Page 3: found 59 new product URLs (total 182)
2026-08-17 04:38:44,585 [INFO] Page 4: found 60 new product URLs (total 242)
2026-08-17 04:38:47,834 [INFO] Page 5: found 59 new product URLs (total 301)
2026-08-17 04:38:50,613 [INFO] Page 6: found 59 new product URLs (total 360)
2026-08-17 04:38:53,791 [INFO] Page 7: found 59 new product URLs (total 419)
2026-08-17 04:38:56,819 [INFO] Page 8: found 60 new product URLs (total 479)
2026-08-17 04:38:59,857 [INFO] Page 9: found 60 new product URLs (total 539)
2026-08-17 04:39:02,938 [INFO] Page 10: found 60 new product URLs (total 599)
2026-08-17 04:39:05,864 [INFO] Page 11: found 60 new product URLs (total 659)
2026-08-17 04:39:09,048 [INFO] Page 12: found 60 new product URLs (total 719)
2026-08-17 04:39:11,914 [INFO] Page 13: found 60 new product URLs (total 779)
2026-08-17 04:39:14,823 [INFO] Page 14: found 60 new product URLs (total 839)
2026-08-17 04:39:17,876 [INFO] Page 15: found 60 new product URLs (total 899)
2026-08-17 04:39:21,185 [INFO] Page 16: found 60 new product URLs (total 959)
2026-08-17 04:39:24,050 [INFO] Page 17: found 60 new product URLs (total 1019)
2026-08-17 04:39:27,014 [INFO] Page 18: found 60 new product URLs (total 1079)
2026-08-17 04:39:29,467 [INFO] Page 19: found 60 new product URLs (total 1139)
2026-08-17 04:39:32,311 [INFO] Page 20: found 60 new product URLs (total 1199)
2026-08-17 04:39:35,632 [INFO] Page 21: found 60 new product URLs (total 1259)
2026-08-17 04:39:38,626 [INFO] Page 22: found 60 new product URLs (total 1319)
2026-08-17 04:39:41,359 [INFO] Page 23: found 60 new product URLs (total 1379)
2026-08-17 04:39:44,539 [INFO] Page 24: found 60 new product URLs (total 1439)
2026-08-17 04:39:47,807 [INFO] Page 25: found 37 new product URLs (total 1476)
2026-08-17 04:39:49,553 [INFO] Page 26: no new products — stopping pagination
2026-08-17 04:39:49,555 [INFO] Found 1476 unique product URLs
2026-08-17 05:00:07,987 [WARNING] No sizes found for https://uk.representclo.com/products/london-store-hoodie-jet-black
2026-08-17 05:00:09,515 [WARNING] No sizes found for https://uk.representclo.com/products/london-store-t-shirt-flat-white
2026-08-17 05:00:10,968 [WARNING] No sizes found for https://uk.representclo.com/products/london-store-t-shirt-jet-black
2026-08-17 05:00:39,926 [WARNING] No sizes found for https://uk.representclo.com/products/manchester-store-hoodie-black
2026-08-17 05:00:41,393 [WARNING] No sizes found for https://uk.representclo.com/products/manchester-store-hoodie-flat-white
2026-08-17 05:00:42,935 [WARNING] No sizes found for https://uk.representclo.com/products/manchester-store-t-shirt-black
2026-08-17 05:00:44,403 [WARNING] No sizes found for https://uk.representclo.com/products/manchester-store-t-shirt-flat-white
2026-08-17 05:03:18,770 [WARNING] No sizes found for https://uk.representclo.com/products/owners-club-cafe-hat-antique-white
2026-08-17 05:03:20,518 [WARNING] No sizes found for https://uk.representclo.com/products/owners-club-cafe-hat-black-coffee
2026-08-17 05:03:21,989 [WARNING] No sizes found for https://uk.representclo.com/products/owners-club-cafe-hoodie-black-coffee
2026-08-17 05:03:23,434 [WARNING] No sizes found for https://uk.representclo.com/products/owners-club-cafe-t-shirt-antique-white
2026-08-17 05:03:25,053 [WARNING] No sizes found for https://uk.representclo.com/products/owners-club-cafe-t-shirt-black-coffee
2026-08-17 05:18:34,102 [WARNING] No sizes found for https://uk.representclo.com/products/three-dogs-jersey-jet-black
2026-08-17 05:18:35,610 [WARNING] No sizes found for https://uk.representclo.com/products/three-dogs-jersey-mid-brown
2026-08-17 05:20:04,910 [WARNING] No sizes found for https://uk.representclo.com/products/your-times-up-hoodie-vintage-grey-vintage-black
2026-08-17 05:20:06,291 [WARNING] No sizes found for https://uk.representclo.com/products/your-times-up-t-shirt-vintage-grey-vintage-black
2026-08-17 05:20:08,613 [INFO] Saved 9086 rows to outputs/Чудокаталог - 17.08.2026.csv
2026-08-17 05:20:09,972 [INFO] Excel report saved to outputs/Чудокаталог - 17.08.2026.xlsx
2026-08-17 05:20:09,972 [INFO] Done. Saved 9086 rows to outputs/Чудокаталог - 17.08.2026.csv and outputs/Чудокаталог - 17.08.2026.xlsx
