2026-09-09 08:36:03,598 [INFO] Catalog: 'Чудокаталог' — Date: 09.09.2026
2026-09-09 08:36:03,598 [INFO] Output file: outputs/Чудокаталог - 09.09.2026.xlsx
2026-09-09 08:36:03,598 [INFO] URL source: TARGET.txt
2026-09-09 08:36:03,598 [INFO] Collection URL(s) to scrape: ['https://uk.representclo.com/collections/all']
2026-09-09 08:36:03,598 [INFO] Collecting product URLs...
2026-09-09 08:36:05,946 [INFO] Page 1: found 66 new product URLs (total 66)
2026-09-09 08:36:09,059 [INFO] Page 2: found 58 new product URLs (total 124)
2026-09-09 08:36:12,720 [INFO] Page 3: found 59 new product URLs (total 183)
2026-09-09 08:36:16,470 [WARNING] Failed to fetch collection page https://uk.representclo.com/collections/all?page=4: 500 Server Error: Internal Server Error for url: https://uk.representclo.com/collections/all?page=4
2026-09-09 08:36:16,471 [INFO] Found 183 unique product URLs
2026-09-09 08:36:16,701 [ERROR] Failed to fetch product page https://uk.representclo.com/products/247-dna-graphic-t-shirt-flat-white-26: 429 Client Error: Too Many Requests for url: https://uk.representclo.com/products/247-dna-graphic-t-shirt-flat-white-26
2026-09-09 08:36:17,287 [ERROR] Failed to fetch product page https://uk.representclo.com/products/247-dna-graphic-t-shirt-jet-black: 429 Client Error: Too Many Requests for url: https://uk.representclo.com/products/247-dna-graphic-t-shirt-jet-black
2026-09-09 08:36:17,896 [ERROR] Failed to fetch product page https://uk.representclo.com/products/247-dna-graphic-t-shirt-jet-black-26: 429 Client Error: Too Many Requests for url: https://uk.representclo.com/products/247-dna-graphic-t-shirt-jet-black-26
2026-09-09 08:36:18,495 [ERROR] Failed to fetch product page https://uk.representclo.com/products/247-dna-mesh-t-shirt-graphene: 429 Client Error: Too Many Requests for url: https://uk.representclo.com/products/247-dna-mesh-t-shirt-graphene
2026-09-09 08:36:19,137 [ERROR] Failed to fetch product page https://uk.representclo.com/products/247-dna-mesh-t-shirt-jet-black: 429 Client Error: Too Many Requests for url: https://uk.representclo.com/products/247-dna-mesh-t-shirt-jet-black
2026-09-09 08:36:19,728 [ERROR] Failed to fetch product page https://uk.representclo.com/products/247-dna-oversized-t-shirt-graphene: 429 Client Error: Too Many Requests for url: https://uk.representclo.com/products/247-dna-oversized-t-shirt-graphene
2026-09-09 08:36:20,342 [ERROR] Failed to fetch product page https://uk.representclo.com/products/247-dna-oversized-t-shirt-jet-black-26: 429 Client Error: Too Many Requests for url: https://uk.representclo.com/products/247-dna-oversized-t-shirt-jet-black-26
2026-09-09 08:36:20,915 [ERROR] Failed to fetch product page https://uk.representclo.com/products/247-dna-oversized-tank-jet-black-26: 429 Client Error: Too Many Requests for url: https://uk.representclo.com/products/247-dna-oversized-tank-jet-black-26
2026-09-09 08:36:21,497 [ERROR] Failed to fetch product page https://uk.representclo.com/products/247-fallen-angel-graphic-hoodie-vintage-black: 429 Client Error: Too Many Requests for url: https://uk.representclo.com/products/247-fallen-angel-graphic-hoodie-vintage-black
2026-09-09 08:36:22,145 [ERROR] Failed to fetch product page https://uk.representclo.com/products/247-fallen-angel-graphic-t-shirt-fern: 429 Client Error: Too Many Requests for url: https://uk.representclo.com/products/247-fallen-angel-graphic-t-shirt-fern
2026-09-09 08:36:22,784 [ERROR] Failed to fetch product page https://uk.representclo.com/products/247-fallen-angel-graphic-t-shirt-vintage-black: 429 Client Error: Too Many Requests for url: https://uk.representclo.com/products/247-fallen-angel-graphic-t-shirt-vintage-black
2026-09-09 08:36:23,394 [ERROR] Failed to fetch product page https://uk.representclo.com/products/247-ghost-2-in-1-short-jet-black: 429 Client Error: Too Many Requests for url: https://uk.representclo.com/products/247-ghost-2-in-1-short-jet-black
2026-09-09 08:36:24,003 [ERROR] Failed to fetch product page https://uk.representclo.com/products/247-ghost-singlet-247-ombre: 429 Client Error: Too Many Requests for url: https://uk.representclo.com/products/247-ghost-singlet-247-ombre
2026-09-09 08:36:24,635 [ERROR] Failed to fetch product page https://uk.representclo.com/products/247-hybrid-t-shirt-black-fade-out: 429 Client Error: Too Many Requests for url: https://uk.representclo.com/products/247-hybrid-t-shirt-black-fade-out
2026-09-09 08:36:25,235 [ERROR] Failed to fetch product page https://uk.representclo.com/products/247-manchester-26-t-shirt-black: 429 Client Error: Too Many Requests for url: https://uk.representclo.com/products/247-manchester-26-t-shirt-black
2026-09-09 08:36:25,869 [ERROR] Failed to fetch product page https://uk.representclo.com/products/247-mission-series-t-shirt-2026-jet-black: 429 Client Error: Too Many Requests for url: https://uk.representclo.com/products/247-mission-series-t-shirt-2026-jet-black
2026-09-09 08:36:26,468 [ERROR] Failed to fetch product page https://uk.representclo.com/products/247-noble-long-sleeve-t-shirt-graphene: 429 Client Error: Too Many Requests for url: https://uk.representclo.com/products/247-noble-long-sleeve-t-shirt-graphene
2026-09-09 08:36:27,110 [ERROR] Failed to fetch product page https://uk.representclo.com/products/247-noble-t-shirt-graphene: 429 Client Error: Too Many Requests for url: https://uk.representclo.com/products/247-noble-t-shirt-graphene
2026-09-09 08:36:27,734 [ERROR] Failed to fetch product page https://uk.representclo.com/products/247-noble-t-shirt-jet-black: 429 Client Error: Too Many Requests for url: https://uk.representclo.com/products/247-noble-t-shirt-jet-black
2026-09-09 08:36:28,341 [ERROR] Failed to fetch product page https://uk.representclo.com/products/247-numbers-cap-graphene: 429 Client Error: Too Many Requests for url: https://uk.representclo.com/products/247-numbers-cap-graphene
2026-09-09 08:36:28,942 [ERROR] Failed to fetch product page https://uk.representclo.com/products/247-numbers-glove-jet-black: 429 Client Error: Too Many Requests for url: https://uk.representclo.com/products/247-numbers-glove-jet-black
2026-09-09 08:36:29,541 [ERROR] Failed to fetch product page https://uk.representclo.com/products/247-numbers-t-shirt-flat-white: 429 Client Error: Too Many Requests for url: https://uk.representclo.com/products/247-numbers-t-shirt-flat-white
2026-09-09 08:36:30,134 [ERROR] Failed to fetch product page https://uk.representclo.com/products/247-numbers-t-shirt-graphene: 429 Client Error: Too Many Requests for url: https://uk.representclo.com/products/247-numbers-t-shirt-graphene
2026-09-09 08:36:30,730 [ERROR] Failed to fetch product page https://uk.representclo.com/products/247-numbers-t-shirt-jet-black-v2: 429 Client Error: Too Many Requests for url: https://uk.representclo.com/products/247-numbers-t-shirt-jet-black-v2
2026-09-09 08:36:31,345 [ERROR] Failed to fetch product page https://uk.representclo.com/products/247-numbers-vest-flat-white: 429 Client Error: Too Many Requests for url: https://uk.representclo.com/products/247-numbers-vest-flat-white
2026-09-09 08:36:31,940 [ERROR] Failed to fetch product page https://uk.representclo.com/products/247-numbers-vest-graphene: 429 Client Error: Too Many Requests for url: https://uk.representclo.com/products/247-numbers-vest-graphene
2026-09-09 08:36:32,584 [ERROR] Failed to fetch product page https://uk.representclo.com/products/247-numbers-vest-jet-black-v2: 429 Client Error: Too Many Requests for url: https://uk.representclo.com/products/247-numbers-vest-jet-black-v2
2026-09-09 08:36:33,179 [ERROR] Failed to fetch product page https://uk.representclo.com/products/247-on-a-mission-long-sleeve-t-shirt-jet-black: 429 Client Error: Too Many Requests for url: https://uk.representclo.com/products/247-on-a-mission-long-sleeve-t-shirt-jet-black
2026-09-09 08:36:33,831 [ERROR] Failed to fetch product page https://uk.representclo.com/products/247-on-a-mission-t-shirt-jet-black: 429 Client Error: Too Many Requests for url: https://uk.representclo.com/products/247-on-a-mission-t-shirt-jet-black
2026-09-09 08:36:34,418 [ERROR] Failed to fetch product page https://uk.representclo.com/products/247-oversized-t-shirt-flat-white-1: 429 Client Error: Too Many Requests for url: https://uk.representclo.com/products/247-oversized-t-shirt-flat-white-1
2026-09-09 08:36:35,003 [ERROR] Failed to fetch product page https://uk.representclo.com/products/247-oversized-t-shirt-jet-black-1: 429 Client Error: Too Many Requests for url: https://uk.representclo.com/products/247-oversized-t-shirt-jet-black-1
2026-09-09 08:36:35,601 [ERROR] Failed to fetch product page https://uk.representclo.com/products/247-oversized-tank-jet-black-1: 429 Client Error: Too Many Requests for url: https://uk.representclo.com/products/247-oversized-tank-jet-black-1
2026-09-09 08:36:36,186 [ERROR] Failed to fetch product page https://uk.representclo.com/products/247-power-dry-t-shirt-ash-grey: 429 Client Error: Too Many Requests for url: https://uk.representclo.com/products/247-power-dry-t-shirt-ash-grey
2026-09-09 08:36:36,821 [ERROR] Failed to fetch product page https://uk.representclo.com/products/247-power-dry-t-shirt-jet-black: 429 Client Error: Too Many Requests for url: https://uk.representclo.com/products/247-power-dry-t-shirt-jet-black
2026-09-09 08:36:37,430 [ERROR] Failed to fetch product page https://uk.representclo.com/products/247-race-sock-white: 429 Client Error: Too Many Requests for url: https://uk.representclo.com/products/247-race-sock-white
2026-09-09 08:36:38,027 [ERROR] Failed to fetch product page https://uk.representclo.com/products/247-reflex-run-cap-jet-black: 429 Client Error: Too Many Requests for url: https://uk.representclo.com/products/247-reflex-run-cap-jet-black
2026-09-09 08:36:38,626 [ERROR] Failed to fetch product page https://uk.representclo.com/products/247-reflex-run-socks-flat-white: 429 Client Error: Too Many Requests for url: https://uk.representclo.com/products/247-reflex-run-socks-flat-white
2026-09-09 08:36:39,213 [ERROR] Failed to fetch product page https://uk.representclo.com/products/247-reflex-run-socks-jet-black: 429 Client Error: Too Many Requests for url: https://uk.representclo.com/products/247-reflex-run-socks-jet-black
2026-09-09 08:36:39,877 [ERROR] Failed to fetch product page https://uk.representclo.com/products/247-sydney-cap-washed-grey: 429 Client Error: Too Many Requests for url: https://uk.representclo.com/products/247-sydney-cap-washed-grey
2026-09-09 08:36:40,453 [ERROR] Failed to fetch product page https://uk.representclo.com/products/247-sydney-singlet-washed-grey: 429 Client Error: Too Many Requests for url: https://uk.representclo.com/products/247-sydney-singlet-washed-grey
2026-09-09 08:36:41,046 [ERROR] Failed to fetch product page https://uk.representclo.com/products/247-sydney-t-shirt-washed-grey: 429 Client Error: Too Many Requests for url: https://uk.representclo.com/products/247-sydney-t-shirt-washed-grey
2026-09-09 08:36:41,642 [ERROR] Failed to fetch product page https://uk.representclo.com/products/247-sydney-tank-washed-grey: 429 Client Error: Too Many Requests for url: https://uk.representclo.com/products/247-sydney-tank-washed-grey
2026-09-09 08:36:42,270 [ERROR] Failed to fetch product page https://uk.representclo.com/products/247-torch-boxy-long-sleeve-t-shirt-washed-black: 429 Client Error: Too Many Requests for url: https://uk.representclo.com/products/247-torch-boxy-long-sleeve-t-shirt-washed-black
2026-09-09 08:36:42,882 [ERROR] Failed to fetch product page https://uk.representclo.com/products/247-torch-boxy-t-shirt-washed-black: 429 Client Error: Too Many Requests for url: https://uk.representclo.com/products/247-torch-boxy-t-shirt-washed-black
2026-09-09 08:36:43,484 [ERROR] Failed to fetch product page https://uk.representclo.com/products/247-waffle-beanie-jet-black: 429 Client Error: Too Many Requests for url: https://uk.representclo.com/products/247-waffle-beanie-jet-black
2026-09-09 08:36:44,069 [ERROR] Failed to fetch product page https://uk.representclo.com/products/247-x-avenged-sevenfold-city-of-evil-tank-aged-black: 429 Client Error: Too Many Requests for url: https://uk.representclo.com/products/247-x-avenged-sevenfold-city-of-evil-tank-aged-black
2026-09-09 08:36:44,718 [ERROR] Failed to fetch product page https://uk.representclo.com/products/247-x-avenged-sevenfold-death-bat-singlet-washed-grey: 429 Client Error: Too Many Requests for url: https://uk.representclo.com/products/247-x-avenged-sevenfold-death-bat-singlet-washed-grey
2026-09-09 08:36:45,307 [ERROR] Failed to fetch product page https://uk.representclo.com/products/247-x-avenged-sevenfold-death-bat-t-shirt-dirty-white: 429 Client Error: Too Many Requests for url: https://uk.representclo.com/products/247-x-avenged-sevenfold-death-bat-t-shirt-dirty-white
2026-09-09 08:36:45,908 [ERROR] Failed to fetch product page https://uk.representclo.com/products/247-x-avenged-sevenfold-nightmare-long-sleeve-t-shirt-aged-black: 429 Client Error: Too Many Requests for url: https://uk.representclo.com/products/247-x-avenged-sevenfold-nightmare-long-sleeve-t-shirt-aged-black
2026-09-09 08:36:46,492 [ERROR] Failed to fetch product page https://uk.representclo.com/products/247-x-avenged-sevenfold-nightmare-t-shirt-aged-black: 429 Client Error: Too Many Requests for url: https://uk.representclo.com/products/247-x-avenged-sevenfold-nightmare-t-shirt-aged-black
2026-09-09 08:36:47,082 [ERROR] Failed to fetch product page https://uk.representclo.com/products/247-x-puma-ultra-nitro-7-football-boot-sugared-almond: 429 Client Error: Too Many Requests for url: https://uk.representclo.com/products/247-x-puma-ultra-nitro-7-football-boot-sugared-almond
2026-09-09 08:36:47,693 [ERROR] Failed to fetch product page https://uk.representclo.com/products/american-football-jersey-chalk: 429 Client Error: Too Many Requests for url: https://uk.representclo.com/products/american-football-jersey-chalk
2026-09-09 08:36:48,277 [ERROR] Failed to fetch product page https://uk.representclo.com/products/british-cowboys-t-shirt-stained-black: 429 Client Error: Too Many Requests for url: https://uk.representclo.com/products/british-cowboys-t-shirt-stained-black
2026-09-09 08:36:48,867 [ERROR] Failed to fetch product page https://uk.representclo.com/products/cargo-pant-riot-camo: 429 Client Error: Too Many Requests for url: https://uk.representclo.com/products/cargo-pant-riot-camo
2026-09-09 08:36:49,478 [ERROR] Failed to fetch product page https://uk.representclo.com/products/cargo-pant-vintage-brown: 429 Client Error: Too Many Requests for url: https://uk.representclo.com/products/cargo-pant-vintage-brown
2026-09-09 08:36:50,071 [ERROR] Failed to fetch product page https://uk.representclo.com/products/distress-knit-sweater-taupe: 429 Client Error: Too Many Requests for url: https://uk.representclo.com/products/distress-knit-sweater-taupe
2026-09-09 08:36:50,660 [ERROR] Failed to fetch product page https://uk.representclo.com/products/distress-knit-sweater-washed-pink: 429 Client Error: Too Many Requests for url: https://uk.representclo.com/products/distress-knit-sweater-washed-pink
2026-09-09 08:36:51,252 [ERROR] Failed to fetch product page https://uk.representclo.com/products/dual-layer-script-t-shirt-jet-black: 429 Client Error: Too Many Requests for url: https://uk.representclo.com/products/dual-layer-script-t-shirt-jet-black
2026-09-09 08:36:51,849 [ERROR] Failed to fetch product page https://uk.representclo.com/products/eagle-long-sleeve-t-shirt-black: 429 Client Error: Too Many Requests for url: https://uk.representclo.com/products/eagle-long-sleeve-t-shirt-black
2026-09-09 08:36:52,446 [ERROR] Failed to fetch product page https://uk.representclo.com/products/eagle-t-shirt-sand: 429 Client Error: Too Many Requests for url: https://uk.representclo.com/products/eagle-t-shirt-sand
2026-09-09 08:36:53,036 [ERROR] Failed to fetch product page https://uk.representclo.com/products/enemy-hoodie-washed-black: 429 Client Error: Too Many Requests for url: https://uk.representclo.com/products/enemy-hoodie-washed-black
2026-09-09 08:36:53,626 [ERROR] Failed to fetch product page https://uk.representclo.com/products/enemy-t-shirt-flat-white: 429 Client Error: Too Many Requests for url: https://uk.representclo.com/products/enemy-t-shirt-flat-white
2026-09-09 08:36:54,212 [ERROR] Failed to fetch product page https://uk.representclo.com/products/enemy-t-shirt-washed-black: 429 Client Error: Too Many Requests for url: https://uk.representclo.com/products/enemy-t-shirt-washed-black
2026-09-09 08:36:54,798 [ERROR] Failed to fetch product page https://uk.representclo.com/products/gh-t-shirt-jet-black: 429 Client Error: Too Many Requests for url: https://uk.representclo.com/products/gh-t-shirt-jet-black
2026-09-09 08:36:55,389 [ERROR] Failed to fetch product page https://uk.representclo.com/products/gift-card: 429 Client Error: Too Many Requests for url: https://uk.representclo.com/products/gift-card
2026-09-09 08:36:55,973 [ERROR] Failed to fetch product page https://uk.representclo.com/products/grand-vintage-hand-drawn-t-shirt-jet-black: 429 Client Error: Too Many Requests for url: https://uk.representclo.com/products/grand-vintage-hand-drawn-t-shirt-jet-black
2026-09-09 08:36:56,559 [ERROR] Failed to fetch product page https://uk.representclo.com/products/hand-drawn-horses-t-shirt-aged-black: 429 Client Error: Too Many Requests for url: https://uk.representclo.com/products/hand-drawn-horses-t-shirt-aged-black
2026-09-09 08:36:57,148 [ERROR] Failed to fetch product page https://uk.representclo.com/products/hand-drawn-horses-t-shirt-flat-white: 429 Client Error: Too Many Requests for url: https://uk.representclo.com/products/hand-drawn-horses-t-shirt-flat-white
2026-09-09 08:36:57,780 [ERROR] Failed to fetch product page https://uk.representclo.com/products/hand-drawn-thoroughbred-t-shirt-aged-black: 429 Client Error: Too Many Requests for url: https://uk.representclo.com/products/hand-drawn-thoroughbred-t-shirt-aged-black
2026-09-09 08:36:58,371 [ERROR] Failed to fetch product page https://uk.representclo.com/products/heaton-jean-authentic-blue: 429 Client Error: Too Many Requests for url: https://uk.representclo.com/products/heaton-jean-authentic-blue
2026-09-09 08:36:58,954 [ERROR] Failed to fetch product page https://uk.representclo.com/products/heaton-jean-diffused-black: 429 Client Error: Too Many Requests for url: https://uk.representclo.com/products/heaton-jean-diffused-black
2026-09-09 08:36:59,537 [ERROR] Failed to fetch product page https://uk.representclo.com/products/heaton-jean-light-vintage-blue: 429 Client Error: Too Many Requests for url: https://uk.representclo.com/products/heaton-jean-light-vintage-blue
2026-09-09 08:37:00,187 [ERROR] Failed to fetch product page https://uk.representclo.com/products/heavier-than-the-heavens-long-sleeve-t-shirt-washed-black: 429 Client Error: Too Many Requests for url: https://uk.representclo.com/products/heavier-than-the-heavens-long-sleeve-t-shirt-washed-black
2026-09-09 08:37:00,765 [ERROR] Failed to fetch product page https://uk.representclo.com/products/heavier-than-the-heavens-t-shirt-antique-white: 429 Client Error: Too Many Requests for url: https://uk.representclo.com/products/heavier-than-the-heavens-t-shirt-antique-white
2026-09-09 08:37:01,399 [ERROR] Failed to fetch product page https://uk.representclo.com/products/heavyweight-henley-sweater-vintage-black: 429 Client Error: Too Many Requests for url: https://uk.representclo.com/products/heavyweight-henley-sweater-vintage-black
2026-09-09 08:37:01,986 [ERROR] Failed to fetch product page https://uk.representclo.com/products/heavyweight-henley-sweater-vintage-falcon: 429 Client Error: Too Many Requests for url: https://uk.representclo.com/products/heavyweight-henley-sweater-vintage-falcon
2026-09-09 08:37:02,573 [ERROR] Failed to fetch product page https://uk.representclo.com/products/heavyweight-hoodie-jet-black: 429 Client Error: Too Many Requests for url: https://uk.representclo.com/products/heavyweight-hoodie-jet-black
2026-09-09 08:37:03,170 [ERROR] Failed to fetch product page https://uk.representclo.com/products/heavyweight-sweater-ash-grey: 429 Client Error: Too Many Requests for url: https://uk.representclo.com/products/heavyweight-sweater-ash-grey
2026-09-09 08:37:03,762 [ERROR] Failed to fetch product page https://uk.representclo.com/products/heavyweight-sweater-ash-grey-fw26: 429 Client Error: Too Many Requests for url: https://uk.representclo.com/products/heavyweight-sweater-ash-grey-fw26
2026-09-09 08:37:04,392 [ERROR] Failed to fetch product page https://uk.representclo.com/products/heavyweight-sweatpant-jet-black-fw26: 429 Client Error: Too Many Requests for url: https://uk.representclo.com/products/heavyweight-sweatpant-jet-black-fw26
2026-09-09 08:37:04,971 [ERROR] Failed to fetch product page https://uk.representclo.com/products/hudson-tote-dark-brown: 429 Client Error: Too Many Requests for url: https://uk.representclo.com/products/hudson-tote-dark-brown
2026-09-09 08:37:05,558 [ERROR] Failed to fetch product page https://uk.representclo.com/products/icarus-t-shirt-jet-black: 429 Client Error: Too Many Requests for url: https://uk.representclo.com/products/icarus-t-shirt-jet-black
2026-09-09 08:37:06,166 [ERROR] Failed to fetch product page https://uk.representclo.com/products/initial-henley-waffle-long-sleeve-t-shirt-flat-white: 429 Client Error: Too Many Requests for url: https://uk.representclo.com/products/initial-henley-waffle-long-sleeve-t-shirt-flat-white
2026-09-09 08:37:06,757 [ERROR] Failed to fetch product page https://uk.representclo.com/products/initial-henley-waffle-long-sleeve-t-shirt-ice-grey-marl: 429 Client Error: Too Many Requests for url: https://uk.representclo.com/products/initial-henley-waffle-long-sleeve-t-shirt-ice-grey-marl
2026-09-09 08:37:07,338 [ERROR] Failed to fetch product page https://uk.representclo.com/products/initial-henley-waffle-long-sleeve-t-shirt-jet-black: 429 Client Error: Too Many Requests for url: https://uk.representclo.com/products/initial-henley-waffle-long-sleeve-t-shirt-jet-black
2026-09-09 08:37:07,917 [ERROR] Failed to fetch product page https://uk.representclo.com/products/initial-henley-waffle-long-sleeve-t-shirt-midnight-navy: 429 Client Error: Too Many Requests for url: https://uk.representclo.com/products/initial-henley-waffle-long-sleeve-t-shirt-midnight-navy
2026-09-09 08:37:08,491 [ERROR] Failed to fetch product page https://uk.representclo.com/products/initial-sheer-rib-long-sleeve-t-shirt-jet-black: 429 Client Error: Too Many Requests for url: https://uk.representclo.com/products/initial-sheer-rib-long-sleeve-t-shirt-jet-black
2026-09-09 08:37:09,091 [ERROR] Failed to fetch product page https://uk.representclo.com/products/loaded-with-love-t-shirt-stained-black: 429 Client Error: Too Many Requests for url: https://uk.representclo.com/products/loaded-with-love-t-shirt-stained-black
2026-09-09 08:37:09,669 [ERROR] Failed to fetch product page https://uk.representclo.com/products/logo-quilted-shirt-black: 429 Client Error: Too Many Requests for url: https://uk.representclo.com/products/logo-quilted-shirt-black
2026-09-09 08:37:10,259 [ERROR] Failed to fetch product page https://uk.representclo.com/products/london-store-t-shirt-jet-black: 429 Client Error: Too Many Requests for url: https://uk.representclo.com/products/london-store-t-shirt-jet-black
2026-09-09 08:37:10,843 [ERROR] Failed to fetch product page https://uk.representclo.com/products/los-angeles-dodgers-x-represent-47-cap-dust-blue: 429 Client Error: Too Many Requests for url: https://uk.representclo.com/products/los-angeles-dodgers-x-represent-47-cap-dust-blue
2026-09-09 08:37:11,430 [ERROR] Failed to fetch product page https://uk.representclo.com/products/los-angeles-dodgers-x-represent-t-shirt-stained-black: 429 Client Error: Too Many Requests for url: https://uk.representclo.com/products/los-angeles-dodgers-x-represent-t-shirt-stained-black
2026-09-09 08:37:12,012 [ERROR] Failed to fetch product page https://uk.representclo.com/products/los-angeles-rams-x-represent-t-shirt-stained-black: 429 Client Error: Too Many Requests for url: https://uk.representclo.com/products/los-angeles-rams-x-represent-t-shirt-stained-black
2026-09-09 08:37:12,599 [ERROR] Failed to fetch product page https://uk.representclo.com/products/low-pro-leather-jet-black: 429 Client Error: Too Many Requests for url: https://uk.representclo.com/products/low-pro-leather-jet-black
2026-09-09 08:37:13,185 [ERROR] Failed to fetch product page https://uk.representclo.com/products/lowercase-logo-long-sleeve-t-shirt-flat-white: 429 Client Error: Too Many Requests for url: https://uk.representclo.com/products/lowercase-logo-long-sleeve-t-shirt-flat-white
2026-09-09 08:37:13,803 [ERROR] Failed to fetch product page https://uk.representclo.com/products/lowercase-logo-t-shirt-flat-white: 429 Client Error: Too Many Requests for url: https://uk.representclo.com/products/lowercase-logo-t-shirt-flat-white
2026-09-09 08:37:14,405 [ERROR] Failed to fetch product page https://uk.representclo.com/products/mesh-pegasus-long-sleeve-t-shirt-jet-black: 429 Client Error: Too Many Requests for url: https://uk.representclo.com/products/mesh-pegasus-long-sleeve-t-shirt-jet-black
2026-09-09 08:37:15,043 [ERROR] Failed to fetch product page https://uk.representclo.com/products/micro-owners-club-t-shirt-jet-black: 429 Client Error: Too Many Requests for url: https://uk.representclo.com/products/micro-owners-club-t-shirt-jet-black
2026-09-09 08:37:15,680 [ERROR] Failed to fetch product page https://uk.representclo.com/products/new-york-yankees-x-represent-47-cap-graphite: 429 Client Error: Too Many Requests for url: https://uk.representclo.com/products/new-york-yankees-x-represent-47-cap-graphite
2026-09-09 08:37:16,296 [ERROR] Failed to fetch product page https://uk.representclo.com/products/new-york-yankees-x-represent-t-shirt-flat-white: 429 Client Error: Too Many Requests for url: https://uk.representclo.com/products/new-york-yankees-x-represent-t-shirt-flat-white
2026-09-09 08:37:16,886 [ERROR] Failed to fetch product page https://uk.representclo.com/products/nothing-faster-t-shirt-stained-black: 429 Client Error: Too Many Requests for url: https://uk.representclo.com/products/nothing-faster-t-shirt-stained-black
2026-09-09 08:37:17,518 [ERROR] Failed to fetch product page https://uk.representclo.com/products/nylon-cargo-pant-black: 429 Client Error: Too Many Requests for url: https://uk.representclo.com/products/nylon-cargo-pant-black
2026-09-09 08:37:18,125 [ERROR] Failed to fetch product page https://uk.representclo.com/products/nylon-cargo-short-black: 429 Client Error: Too Many Requests for url: https://uk.representclo.com/products/nylon-cargo-short-black
2026-09-09 08:37:18,711 [ERROR] Failed to fetch product page https://uk.representclo.com/products/outlander-parka-olive-night: 429 Client Error: Too Many Requests for url: https://uk.representclo.com/products/outlander-parka-olive-night
2026-09-09 08:37:19,341 [ERROR] Failed to fetch product page https://uk.representclo.com/products/owners-club-cafe-t-shirt-black-coffee: 429 Client Error: Too Many Requests for url: https://uk.representclo.com/products/owners-club-cafe-t-shirt-black-coffee
2026-09-09 08:37:19,957 [ERROR] Failed to fetch product page https://uk.representclo.com/products/owners-club-hoodie-washed-black: 429 Client Error: Too Many Requests for url: https://uk.representclo.com/products/owners-club-hoodie-washed-black
2026-09-09 08:37:20,545 [ERROR] Failed to fetch product page https://uk.representclo.com/products/owners-club-script-hoodie-truffle: 429 Client Error: Too Many Requests for url: https://uk.representclo.com/products/owners-club-script-hoodie-truffle
2026-09-09 08:37:21,172 [ERROR] Failed to fetch product page https://uk.representclo.com/products/owners-club-script-mesh-shorts-truffle: 429 Client Error: Too Many Requests for url: https://uk.representclo.com/products/owners-club-script-mesh-shorts-truffle
2026-09-09 08:37:21,766 [ERROR] Failed to fetch product page https://uk.representclo.com/products/private-members-t-shirt-flat-white: 429 Client Error: Too Many Requests for url: https://uk.representclo.com/products/private-members-t-shirt-flat-white
2026-09-09 08:37:22,344 [ERROR] Failed to fetch product page https://uk.representclo.com/products/private-members-t-shirt-stained-black: 429 Client Error: Too Many Requests for url: https://uk.representclo.com/products/private-members-t-shirt-stained-black
2026-09-09 08:37:22,955 [ERROR] Failed to fetch product page https://uk.representclo.com/products/r2-carpenter-panel-denim-rinse-blue: 429 Client Error: Too Many Requests for url: https://uk.representclo.com/products/r2-carpenter-panel-denim-rinse-blue
2026-09-09 08:37:23,534 [ERROR] Failed to fetch product page https://uk.representclo.com/products/r3-baggy-jean-moss-blue: 429 Client Error: Too Many Requests for url: https://uk.representclo.com/products/r3-baggy-jean-moss-blue
2026-09-09 08:37:24,143 [ERROR] Failed to fetch product page https://uk.representclo.com/products/rally-suede-grey: 429 Client Error: Too Many Requests for url: https://uk.representclo.com/products/rally-suede-grey
2026-09-09 08:37:24,729 [ERROR] Failed to fetch product page https://uk.representclo.com/products/rally-suede-tan: 429 Client Error: Too Many Requests for url: https://uk.representclo.com/products/rally-suede-tan
2026-09-09 08:37:25,313 [ERROR] Failed to fetch product page https://uk.representclo.com/products/rep-cap-distressed-leather-dark-brown: 429 Client Error: Too Many Requests for url: https://uk.representclo.com/products/rep-cap-distressed-leather-dark-brown
2026-09-09 08:37:25,897 [ERROR] Failed to fetch product page https://uk.representclo.com/products/rep-cap-leather-flat-white: 429 Client Error: Too Many Requests for url: https://uk.representclo.com/products/rep-cap-leather-flat-white
2026-09-09 08:37:26,494 [ERROR] Failed to fetch product page https://uk.representclo.com/products/represent-owners-club-cap-black: 429 Client Error: Too Many Requests for url: https://uk.representclo.com/products/represent-owners-club-cap-black
2026-09-09 08:37:27,119 [ERROR] Failed to fetch product page https://uk.representclo.com/products/represent-owners-club-cap-powder-blue: 429 Client Error: Too Many Requests for url: https://uk.representclo.com/products/represent-owners-club-cap-powder-blue
2026-09-09 08:37:27,705 [ERROR] Failed to fetch product page https://uk.representclo.com/products/represent-owners-club-flocked-t-shirt-black: 429 Client Error: Too Many Requests for url: https://uk.representclo.com/products/represent-owners-club-flocked-t-shirt-black
2026-09-09 08:37:28,317 [ERROR] Failed to fetch product page https://uk.representclo.com/products/represent-owners-club-hoodie-ash-grey: 429 Client Error: Too Many Requests for url: https://uk.representclo.com/products/represent-owners-club-hoodie-ash-grey
2026-09-09 08:37:28,962 [ERROR] Failed to fetch product page https://uk.representclo.com/products/represent-owners-club-hoodie-black: 429 Client Error: Too Many Requests for url: https://uk.representclo.com/products/represent-owners-club-hoodie-black
2026-09-09 08:37:29,565 [ERROR] Failed to fetch product page https://uk.representclo.com/products/represent-owners-club-hoodie-black-matte: 429 Client Error: Too Many Requests for url: https://uk.representclo.com/products/represent-owners-club-hoodie-black-matte
2026-09-09 08:37:30,154 [ERROR] Failed to fetch product page https://uk.representclo.com/products/represent-owners-club-hoodie-cobalt: 429 Client Error: Too Many Requests for url: https://uk.representclo.com/products/represent-owners-club-hoodie-cobalt
2026-09-09 08:37:30,742 [ERROR] Failed to fetch product page https://uk.representclo.com/products/represent-owners-club-hoodie-racing-green: 429 Client Error: Too Many Requests for url: https://uk.representclo.com/products/represent-owners-club-hoodie-racing-green
2026-09-09 08:37:31,324 [ERROR] Failed to fetch product page https://uk.representclo.com/products/represent-owners-club-hoodie-storm: 429 Client Error: Too Many Requests for url: https://uk.representclo.com/products/represent-owners-club-hoodie-storm
2026-09-09 08:37:31,926 [ERROR] Failed to fetch product page https://uk.representclo.com/products/represent-owners-club-hoodie-vista-blue: 429 Client Error: Too Many Requests for url: https://uk.representclo.com/products/represent-owners-club-hoodie-vista-blue
2026-09-09 08:37:32,501 [ERROR] Failed to fetch product page https://uk.representclo.com/products/represent-owners-club-hoodie-washed-aloe: 429 Client Error: Too Many Requests for url: https://uk.representclo.com/products/represent-owners-club-hoodie-washed-aloe
2026-09-09 08:37:33,091 [ERROR] Failed to fetch product page https://uk.representclo.com/products/represent-owners-club-script-t-shirt-truffle: 429 Client Error: Too Many Requests for url: https://uk.representclo.com/products/represent-owners-club-script-t-shirt-truffle
2026-09-09 08:37:33,686 [ERROR] Failed to fetch product page https://uk.representclo.com/products/represent-owners-club-shorts-washed-black: 429 Client Error: Too Many Requests for url: https://uk.representclo.com/products/represent-owners-club-shorts-washed-black
2026-09-09 08:37:34,276 [ERROR] Failed to fetch product page https://uk.representclo.com/products/represent-owners-club-sweatpant-washed-black: 429 Client Error: Too Many Requests for url: https://uk.representclo.com/products/represent-owners-club-sweatpant-washed-black
2026-09-09 08:37:34,872 [ERROR] Failed to fetch product page https://uk.representclo.com/products/represent-owners-club-t-shirt-aged-black: 429 Client Error: Too Many Requests for url: https://uk.representclo.com/products/represent-owners-club-t-shirt-aged-black
2026-09-09 08:37:35,474 [ERROR] Failed to fetch product page https://uk.representclo.com/products/represent-owners-club-t-shirt-ash-grey: 429 Client Error: Too Many Requests for url: https://uk.representclo.com/products/represent-owners-club-t-shirt-ash-grey
2026-09-09 08:37:36,110 [ERROR] Failed to fetch product page https://uk.representclo.com/products/represent-owners-club-t-shirt-black: 429 Client Error: Too Many Requests for url: https://uk.representclo.com/products/represent-owners-club-t-shirt-black
2026-09-09 08:37:36,703 [ERROR] Failed to fetch product page https://uk.representclo.com/products/represent-owners-club-t-shirt-black-matte: 429 Client Error: Too Many Requests for url: https://uk.representclo.com/products/represent-owners-club-t-shirt-black-matte
2026-09-09 08:37:37,291 [ERROR] Failed to fetch product page https://uk.representclo.com/products/represent-owners-club-t-shirt-buttercream: 429 Client Error: Too Many Requests for url: https://uk.representclo.com/products/represent-owners-club-t-shirt-buttercream
2026-09-09 08:37:37,878 [ERROR] Failed to fetch product page https://uk.representclo.com/products/represent-owners-club-t-shirt-cobalt: 429 Client Error: Too Many Requests for url: https://uk.representclo.com/products/represent-owners-club-t-shirt-cobalt
2026-09-09 08:37:38,479 [ERROR] Failed to fetch product page https://uk.representclo.com/products/represent-owners-club-t-shirt-flat-white: 429 Client Error: Too Many Requests for url: https://uk.representclo.com/products/represent-owners-club-t-shirt-flat-white
2026-09-09 08:37:39,059 [ERROR] Failed to fetch product page https://uk.representclo.com/products/represent-owners-club-t-shirt-jet-black: 429 Client Error: Too Many Requests for url: https://uk.representclo.com/products/represent-owners-club-t-shirt-jet-black
2026-09-09 08:37:39,686 [ERROR] Failed to fetch product page https://uk.representclo.com/products/represent-owners-club-t-shirt-mushroom: 429 Client Error: Too Many Requests for url: https://uk.representclo.com/products/represent-owners-club-t-shirt-mushroom
2026-09-09 08:37:40,270 [ERROR] Failed to fetch product page https://uk.representclo.com/products/represent-owners-club-t-shirt-racing-green: 429 Client Error: Too Many Requests for url: https://uk.representclo.com/products/represent-owners-club-t-shirt-racing-green
2026-09-09 08:37:40,882 [ERROR] Failed to fetch product page https://uk.representclo.com/products/represent-owners-club-t-shirt-storm: 429 Client Error: Too Many Requests for url: https://uk.representclo.com/products/represent-owners-club-t-shirt-storm
2026-09-09 08:37:41,512 [ERROR] Failed to fetch product page https://uk.representclo.com/products/represent-owners-club-t-shirt-washed-aloe: 429 Client Error: Too Many Requests for url: https://uk.representclo.com/products/represent-owners-club-t-shirt-washed-aloe
2026-09-09 08:37:42,121 [ERROR] Failed to fetch product page https://uk.representclo.com/products/represent-owners-club-t-shirt-washed-black: 429 Client Error: Too Many Requests for url: https://uk.representclo.com/products/represent-owners-club-t-shirt-washed-black
2026-09-09 08:37:42,713 [ERROR] Failed to fetch product page https://uk.representclo.com/products/represent-owners-club-zip-hoodie-washed-black: 429 Client Error: Too Many Requests for url: https://uk.representclo.com/products/represent-owners-club-zip-hoodie-washed-black
2026-09-09 08:37:43,306 [ERROR] Failed to fetch product page https://uk.representclo.com/products/represent-x-47-england-cap-aged-black: 429 Client Error: Too Many Requests for url: https://uk.representclo.com/products/represent-x-47-england-cap-aged-black
2026-09-09 08:37:43,924 [ERROR] Failed to fetch product page https://uk.representclo.com/products/represent-x-47-mlb-la-cap-vintage-blue: 429 Client Error: Too Many Requests for url: https://uk.representclo.com/products/represent-x-47-mlb-la-cap-vintage-blue
2026-09-09 08:37:44,573 [ERROR] Failed to fetch product page https://uk.representclo.com/products/represent-x-47-mlb-ny-cap-washed-black: 429 Client Error: Too Many Requests for url: https://uk.representclo.com/products/represent-x-47-mlb-ny-cap-washed-black
2026-09-09 08:37:45,167 [ERROR] Failed to fetch product page https://uk.representclo.com/products/represent-x-47-resent-cap-washed-black: 429 Client Error: Too Many Requests for url: https://uk.representclo.com/products/represent-x-47-resent-cap-washed-black
2026-09-09 08:37:45,764 [ERROR] Failed to fetch product page https://uk.representclo.com/products/represent-x-beach-boys-endless-summer-t-shirt-stained-black: 429 Client Error: Too Many Requests for url: https://uk.representclo.com/products/represent-x-beach-boys-endless-summer-t-shirt-stained-black
2026-09-09 08:37:46,361 [ERROR] Failed to fetch product page https://uk.representclo.com/products/represent-x-guns-n-roses-cross-t-shirt-stained-black: 429 Client Error: Too Many Requests for url: https://uk.representclo.com/products/represent-x-guns-n-roses-cross-t-shirt-stained-black
2026-09-09 08:37:46,942 [ERROR] Failed to fetch product page https://uk.representclo.com/products/represent-x-guns-n-roses-cross-zip-through-hoodie-stained-black: 429 Client Error: Too Many Requests for url: https://uk.representclo.com/products/represent-x-guns-n-roses-cross-zip-through-hoodie-stained-black
2026-09-09 08:37:47,549 [ERROR] Failed to fetch product page https://uk.representclo.com/products/represent-x-guns-n-roses-lock-up-t-shirt-vintage-black: 429 Client Error: Too Many Requests for url: https://uk.representclo.com/products/represent-x-guns-n-roses-lock-up-t-shirt-vintage-black
2026-09-09 08:37:48,126 [ERROR] Failed to fetch product page https://uk.representclo.com/products/represent-x-guns-n-roses-pasadena-t-shirt-washed-ecru: 429 Client Error: Too Many Requests for url: https://uk.representclo.com/products/represent-x-guns-n-roses-pasadena-t-shirt-washed-ecru
2026-09-09 08:37:48,710 [ERROR] Failed to fetch product page https://uk.representclo.com/products/represent-x-guns-n-roses-revolver-t-shirt-flat-white: 429 Client Error: Too Many Requests for url: https://uk.representclo.com/products/represent-x-guns-n-roses-revolver-t-shirt-flat-white
2026-09-09 08:37:49,306 [ERROR] Failed to fetch product page https://uk.representclo.com/products/represent-x-oasis-owners-club-t-shirt-flat-white: 429 Client Error: Too Many Requests for url: https://uk.representclo.com/products/represent-x-oasis-owners-club-t-shirt-flat-white
2026-09-09 08:37:49,934 [ERROR] Failed to fetch product page https://uk.representclo.com/products/represent-x-oasis-owners-club-t-shirt-stained-black: 429 Client Error: Too Many Requests for url: https://uk.representclo.com/products/represent-x-oasis-owners-club-t-shirt-stained-black
2026-09-09 08:37:50,513 [ERROR] Failed to fetch product page https://uk.representclo.com/products/represent-x-the-viper-room-glow-t-shirt-vintage-black: 429 Client Error: Too Many Requests for url: https://uk.representclo.com/products/represent-x-the-viper-room-glow-t-shirt-vintage-black
2026-09-09 08:37:51,102 [ERROR] Failed to fetch product page https://uk.representclo.com/products/resent-hoodie-ash: 429 Client Error: Too Many Requests for url: https://uk.representclo.com/products/resent-hoodie-ash
2026-09-09 08:37:51,692 [ERROR] Failed to fetch product page https://uk.representclo.com/products/resent-plaid-shirt-dark-green: 429 Client Error: Too Many Requests for url: https://uk.representclo.com/products/resent-plaid-shirt-dark-green
2026-09-09 08:37:52,287 [ERROR] Failed to fetch product page https://uk.representclo.com/products/resent-t-shirt-ash: 429 Client Error: Too Many Requests for url: https://uk.representclo.com/products/resent-t-shirt-ash
2026-09-09 08:37:52,867 [ERROR] Failed to fetch product page https://uk.representclo.com/products/revere-manor-t-shirt-stained-black: 429 Client Error: Too Many Requests for url: https://uk.representclo.com/products/revere-manor-t-shirt-stained-black
2026-09-09 08:37:53,468 [ERROR] Failed to fetch product page https://uk.representclo.com/products/reverse-resent-t-shirt-flat-white: 429 Client Error: Too Many Requests for url: https://uk.representclo.com/products/reverse-resent-t-shirt-flat-white
2026-09-09 08:37:54,092 [ERROR] Failed to fetch product page https://uk.representclo.com/products/riot-puffer-black: 429 Client Error: Too Many Requests for url: https://uk.representclo.com/products/riot-puffer-black
2026-09-09 08:37:54,685 [ERROR] Failed to fetch product page https://uk.representclo.com/products/riot-puffer-khaki: 429 Client Error: Too Many Requests for url: https://uk.representclo.com/products/riot-puffer-khaki
2026-09-09 08:37:55,281 [ERROR] Failed to fetch product page https://uk.representclo.com/products/romance-hoodie-vintage-black: 429 Client Error: Too Many Requests for url: https://uk.representclo.com/products/romance-hoodie-vintage-black
2026-09-09 08:37:55,862 [ERROR] Failed to fetch product page https://uk.representclo.com/products/romance-t-shirt-vintage-black: 429 Client Error: Too Many Requests for url: https://uk.representclo.com/products/romance-t-shirt-vintage-black
2026-09-09 08:37:56,440 [ERROR] Failed to fetch product page https://uk.representclo.com/products/serif-logo-t-shirt-jet-black: 429 Client Error: Too Many Requests for url: https://uk.representclo.com/products/serif-logo-t-shirt-jet-black
2026-09-09 08:37:57,014 [ERROR] Failed to fetch product page https://uk.representclo.com/products/storms-in-heaven-t-shirt-black: 429 Client Error: Too Many Requests for url: https://uk.representclo.com/products/storms-in-heaven-t-shirt-black
2026-09-09 08:37:57,606 [ERROR] Failed to fetch product page https://uk.representclo.com/products/team-247-oversized-t-shirt-flat-white: 429 Client Error: Too Many Requests for url: https://uk.representclo.com/products/team-247-oversized-t-shirt-flat-white
2026-09-09 08:37:58,192 [ERROR] Failed to fetch product page https://uk.representclo.com/products/team-247-oversized-t-shirt-graphene: 429 Client Error: Too Many Requests for url: https://uk.representclo.com/products/team-247-oversized-t-shirt-graphene
2026-09-09 08:37:58,782 [ERROR] Failed to fetch product page https://uk.representclo.com/products/team-247-oversized-t-shirt-jet-black: 429 Client Error: Too Many Requests for url: https://uk.representclo.com/products/team-247-oversized-t-shirt-jet-black
2026-09-09 08:37:59,376 [ERROR] Failed to fetch product page https://uk.representclo.com/products/team-247-oversized-tank-jet-black: 429 Client Error: Too Many Requests for url: https://uk.representclo.com/products/team-247-oversized-tank-jet-black
2026-09-09 08:37:59,960 [ERROR] Failed to fetch product page https://uk.representclo.com/products/the-work-jacket-black: 429 Client Error: Too Many Requests for url: https://uk.representclo.com/products/the-work-jacket-black
2026-09-09 08:38:00,561 [ERROR] Failed to fetch product page https://uk.representclo.com/products/thoroughbred-t-shirt-vintage-black: 429 Client Error: Too Many Requests for url: https://uk.representclo.com/products/thoroughbred-t-shirt-vintage-black
2026-09-09 08:38:01,153 [ERROR] Failed to fetch product page https://uk.representclo.com/products/three-dogs-jersey-jet-black: 429 Client Error: Too Many Requests for url: https://uk.representclo.com/products/three-dogs-jersey-jet-black
2026-09-09 08:38:01,755 [ERROR] Failed to fetch product page https://uk.representclo.com/products/trucker-jacket-authentic-blue: 429 Client Error: Too Many Requests for url: https://uk.representclo.com/products/trucker-jacket-authentic-blue
2026-09-09 08:38:02,394 [ERROR] Failed to fetch product page https://uk.representclo.com/products/vandal-sweater-tobacco: 429 Client Error: Too Many Requests for url: https://uk.representclo.com/products/vandal-sweater-tobacco
2026-09-09 08:38:02,977 [ERROR] Failed to fetch product page https://uk.representclo.com/products/waffle-beanie-vintage-black: 429 Client Error: Too Many Requests for url: https://uk.representclo.com/products/waffle-beanie-vintage-black
2026-09-09 08:38:03,577 [ERROR] Failed to fetch product page https://uk.representclo.com/products/waffle-beanie-vintage-falcon: 429 Client Error: Too Many Requests for url: https://uk.representclo.com/products/waffle-beanie-vintage-falcon
2026-09-09 08:38:04,167 [ERROR] Failed to fetch product page https://uk.representclo.com/products/waffle-t-shirt-jet-black-1: 429 Client Error: Too Many Requests for url: https://uk.representclo.com/products/waffle-t-shirt-jet-black-1
2026-09-09 08:38:04,820 [ERROR] Failed to fetch product page https://uk.representclo.com/products/weekend-bag-black: 429 Client Error: Too Many Requests for url: https://uk.representclo.com/products/weekend-bag-black
2026-09-09 08:38:05,412 [ERROR] Failed to fetch product page https://uk.representclo.com/products/westside-t-shirt-flat-white: 429 Client Error: Too Many Requests for url: https://uk.representclo.com/products/westside-t-shirt-flat-white
2026-09-09 08:38:06,011 [ERROR] Failed to fetch product page https://uk.representclo.com/products/westside-t-shirt-stained-black: 429 Client Error: Too Many Requests for url: https://uk.representclo.com/products/westside-t-shirt-stained-black
2026-09-09 08:38:06,533 [INFO] Saved 0 rows to outputs/Чудокаталог - 09.09.2026.csv
2026-09-09 08:38:06,538 [INFO] Excel report saved to outputs/Чудокаталог - 09.09.2026.xlsx
2026-09-09 08:38:06,538 [INFO] Done. Saved 0 rows to outputs/Чудокаталог - 09.09.2026.csv and outputs/Чудокаталог - 09.09.2026.xlsx
