2026-10-09 11:06:59,655 [INFO] Catalog: 'Чудокаталог' — Date: 09.10.2026
2026-10-09 11:06:59,655 [INFO] Output file: outputs/Чудокаталог - 09.10.2026.xlsx
2026-10-09 11:06:59,655 [INFO] URL source: TARGET.txt
2026-10-09 11:06:59,655 [INFO] Collection URL(s) to scrape: ['https://uk.representclo.com/collections/all']
2026-10-09 11:06:59,655 [INFO] Collecting product URLs...
2026-10-09 11:07:02,142 [INFO] Page 1: found 64 new product URLs (total 64)
2026-10-09 11:07:04,731 [INFO] Page 2: found 60 new product URLs (total 124)
2026-10-09 11:07:07,651 [INFO] Page 3: found 59 new product URLs (total 183)
2026-10-09 11:07:11,105 [INFO] Page 4: found 59 new product URLs (total 242)
2026-10-09 11:07:13,648 [INFO] Page 5: found 57 new product URLs (total 299)
2026-10-09 11:07:16,645 [INFO] Page 6: found 60 new product URLs (total 359)
2026-10-09 11:07:19,301 [INFO] Page 7: found 60 new product URLs (total 419)
2026-10-09 11:07:22,456 [INFO] Page 8: found 60 new product URLs (total 479)
2026-10-09 11:07:25,128 [INFO] Page 9: found 60 new product URLs (total 539)
2026-10-09 11:07:27,705 [INFO] Page 10: found 60 new product URLs (total 599)
2026-10-09 11:07:30,596 [INFO] Page 11: found 60 new product URLs (total 659)
2026-10-09 11:07:33,147 [INFO] Page 12: found 60 new product URLs (total 719)
2026-10-09 11:07:36,235 [INFO] Page 13: found 60 new product URLs (total 779)
2026-10-09 11:07:39,201 [INFO] Page 14: found 60 new product URLs (total 839)
2026-10-09 11:07:41,834 [INFO] Page 15: found 60 new product URLs (total 899)
2026-10-09 11:07:44,313 [INFO] Page 16: found 60 new product URLs (total 959)
2026-10-09 11:07:47,040 [INFO] Page 17: found 60 new product URLs (total 1019)
2026-10-09 11:07:50,074 [INFO] Page 18: found 60 new product URLs (total 1079)
2026-10-09 11:07:53,266 [INFO] Page 19: found 60 new product URLs (total 1139)
2026-10-09 11:07:54,834 [INFO] Page 20: found 3 new product URLs (total 1142)
2026-10-09 11:07:56,464 [INFO] Page 21: no new products — stopping pagination
2026-10-09 11:07:56,465 [INFO] Found 1142 unique product URLs
2026-10-09 11:24:54,354 [WARNING] No sizes found for https://uk.representclo.com/products/london-store-hoodie-jet-black
2026-10-09 11:24:55,645 [WARNING] No sizes found for https://uk.representclo.com/products/london-store-t-shirt-flat-white
2026-10-09 11:24:57,014 [WARNING] No sizes found for https://uk.representclo.com/products/london-store-t-shirt-jet-black
2026-10-09 11:25:18,966 [WARNING] No sizes found for https://uk.representclo.com/products/manchester-store-hoodie-black
2026-10-09 11:25:20,285 [WARNING] No sizes found for https://uk.representclo.com/products/manchester-store-hoodie-flat-white
2026-10-09 11:25:21,561 [WARNING] No sizes found for https://uk.representclo.com/products/manchester-store-t-shirt-black
2026-10-09 11:25:23,091 [WARNING] No sizes found for https://uk.representclo.com/products/manchester-store-t-shirt-flat-white
2026-10-09 11:26:53,586 [WARNING] No sizes found for https://uk.representclo.com/products/owners-club-cafe-hat-antique-white
2026-10-09 11:26:54,807 [WARNING] No sizes found for https://uk.representclo.com/products/owners-club-cafe-hat-black-coffee
2026-10-09 11:26:56,158 [WARNING] No sizes found for https://uk.representclo.com/products/owners-club-cafe-hoodie-black-coffee
2026-10-09 11:26:57,621 [WARNING] No sizes found for https://uk.representclo.com/products/owners-club-cafe-t-shirt-antique-white
2026-10-09 11:26:58,998 [WARNING] No sizes found for https://uk.representclo.com/products/owners-club-cafe-t-shirt-black-coffee
2026-10-09 11:37:14,596 [WARNING] No sizes found for https://uk.representclo.com/products/three-dogs-jersey-jet-black
2026-10-09 11:37:16,063 [WARNING] No sizes found for https://uk.representclo.com/products/three-dogs-jersey-mid-brown
2026-10-09 11:38:17,467 [WARNING] No sizes found for https://uk.representclo.com/products/your-times-up-hoodie-vintage-grey-vintage-black
2026-10-09 11:38:19,583 [INFO] Saved 6912 rows to outputs/Чудокаталог - 09.10.2026.csv
2026-10-09 11:38:20,832 [INFO] Excel report saved to outputs/Чудокаталог - 09.10.2026.xlsx
2026-10-09 11:38:20,833 [INFO] Done. Saved 6912 rows to outputs/Чудокаталог - 09.10.2026.csv and outputs/Чудокаталог - 09.10.2026.xlsx
