2026-09-04 08:27:57,854 [INFO] Catalog: 'Чудокаталог' — Date: 04.09.2026
2026-09-04 08:27:57,854 [INFO] Output file: outputs/Чудокаталог - 04.09.2026.xlsx
2026-09-04 08:27:57,854 [INFO] URL source: TARGET.txt
2026-09-04 08:27:57,854 [INFO] Collection URL(s) to scrape: ['https://uk.representclo.com/collections/all']
2026-09-04 08:27:57,854 [INFO] Collecting product URLs...
2026-09-04 08:28:00,012 [INFO] Page 1: found 66 new product URLs (total 66)
2026-09-04 08:28:02,839 [INFO] Page 2: found 58 new product URLs (total 124)
2026-09-04 08:28:05,869 [INFO] Page 3: found 59 new product URLs (total 183)
2026-09-04 08:28:09,184 [INFO] Page 4: found 60 new product URLs (total 243)
2026-09-04 08:28:13,195 [INFO] Page 5: found 60 new product URLs (total 303)
2026-09-04 08:28:16,250 [INFO] Page 6: found 59 new product URLs (total 362)
2026-09-04 08:28:19,125 [INFO] Page 7: found 59 new product URLs (total 421)
2026-09-04 08:28:22,218 [INFO] Page 8: found 59 new product URLs (total 480)
2026-09-04 08:28:24,907 [INFO] Page 9: found 60 new product URLs (total 540)
2026-09-04 08:28:27,905 [INFO] Page 10: found 59 new product URLs (total 599)
2026-09-04 08:28:31,309 [INFO] Page 11: found 60 new product URLs (total 659)
2026-09-04 08:28:34,817 [INFO] Page 12: found 60 new product URLs (total 719)
2026-09-04 08:28:38,087 [INFO] Page 13: found 60 new product URLs (total 779)
2026-09-04 08:28:41,583 [INFO] Page 14: found 60 new product URLs (total 839)
2026-09-04 08:28:44,676 [INFO] Page 15: found 60 new product URLs (total 899)
2026-09-04 08:28:47,554 [INFO] Page 16: found 60 new product URLs (total 959)
2026-09-04 08:28:50,128 [INFO] Page 17: found 60 new product URLs (total 1019)
2026-09-04 08:28:52,874 [INFO] Page 18: found 60 new product URLs (total 1079)
2026-09-04 08:28:55,305 [INFO] Page 19: found 60 new product URLs (total 1139)
2026-09-04 08:28:58,108 [INFO] Page 20: found 60 new product URLs (total 1199)
2026-09-04 08:29:00,929 [INFO] Page 21: found 60 new product URLs (total 1259)
2026-09-04 08:29:04,768 [INFO] Page 22: found 60 new product URLs (total 1319)
2026-09-04 08:29:07,523 [INFO] Page 23: found 60 new product URLs (total 1379)
2026-09-04 08:29:09,685 [INFO] Page 24: found 60 new product URLs (total 1439)
2026-09-04 08:29:12,539 [INFO] Page 25: found 60 new product URLs (total 1499)
2026-09-04 08:29:15,038 [INFO] Page 26: found 54 new product URLs (total 1553)
2026-09-04 08:29:16,462 [INFO] Page 27: no new products — stopping pagination
2026-09-04 08:29:16,465 [INFO] Found 1553 unique product URLs
2026-09-04 08:48:59,512 [WARNING] No sizes found for https://uk.representclo.com/products/london-store-hoodie-jet-black
2026-09-04 08:49:00,952 [WARNING] No sizes found for https://uk.representclo.com/products/london-store-t-shirt-flat-white
2026-09-04 08:49:02,371 [WARNING] No sizes found for https://uk.representclo.com/products/london-store-t-shirt-jet-black
2026-09-04 08:49:31,345 [WARNING] No sizes found for https://uk.representclo.com/products/manchester-store-hoodie-black
2026-09-04 08:49:33,129 [WARNING] No sizes found for https://uk.representclo.com/products/manchester-store-hoodie-flat-white
2026-09-04 08:49:34,340 [WARNING] No sizes found for https://uk.representclo.com/products/manchester-store-t-shirt-black
2026-09-04 08:49:35,896 [WARNING] No sizes found for https://uk.representclo.com/products/manchester-store-t-shirt-flat-white
2026-09-04 08:51:52,392 [WARNING] No sizes found for https://uk.representclo.com/products/owners-club-cafe-hat-antique-white
2026-09-04 08:51:53,724 [WARNING] No sizes found for https://uk.representclo.com/products/owners-club-cafe-hat-black-coffee
2026-09-04 08:51:55,079 [WARNING] No sizes found for https://uk.representclo.com/products/owners-club-cafe-hoodie-black-coffee
2026-09-04 08:51:56,632 [WARNING] No sizes found for https://uk.representclo.com/products/owners-club-cafe-t-shirt-antique-white
2026-09-04 08:51:57,896 [WARNING] No sizes found for https://uk.representclo.com/products/owners-club-cafe-t-shirt-black-coffee
2026-09-04 09:06:18,441 [WARNING] No sizes found for https://uk.representclo.com/products/three-dogs-jersey-jet-black
2026-09-04 09:06:19,666 [WARNING] No sizes found for https://uk.representclo.com/products/three-dogs-jersey-mid-brown
2026-09-04 09:07:48,963 [WARNING] No sizes found for https://uk.representclo.com/products/your-times-up-hoodie-vintage-grey-vintage-black
2026-09-04 09:07:50,427 [WARNING] No sizes found for https://uk.representclo.com/products/your-times-up-t-shirt-vintage-grey-vintage-black
2026-09-04 09:07:52,877 [INFO] Saved 9554 rows to outputs/Чудокаталог - 04.09.2026.csv
2026-09-04 09:07:54,004 [INFO] Excel report saved to outputs/Чудокаталог - 04.09.2026.xlsx
2026-09-04 09:07:54,004 [INFO] Done. Saved 9554 rows to outputs/Чудокаталог - 04.09.2026.csv and outputs/Чудокаталог - 04.09.2026.xlsx
