2026-08-25 04:35:32,363 [INFO] Catalog: 'Чудокаталог' — Date: 25.08.2026
2026-08-25 04:35:32,363 [INFO] Output file: outputs/Чудокаталог - 25.08.2026.xlsx
2026-08-25 04:35:32,363 [INFO] URL source: TARGET.txt
2026-08-25 04:35:32,363 [INFO] Collection URL(s) to scrape: ['https://uk.representclo.com/collections/all']
2026-08-25 04:35:32,363 [INFO] Collecting product URLs...
2026-08-25 04:35:34,201 [INFO] Page 1: found 63 new product URLs (total 63)
2026-08-25 04:35:36,304 [INFO] Page 2: found 59 new product URLs (total 122)
2026-08-25 04:35:38,715 [INFO] Page 3: found 60 new product URLs (total 182)
2026-08-25 04:35:41,538 [INFO] Page 4: found 60 new product URLs (total 242)
2026-08-25 04:35:43,942 [INFO] Page 5: found 58 new product URLs (total 300)
2026-08-25 04:35:46,081 [INFO] Page 6: found 60 new product URLs (total 360)
2026-08-25 04:35:49,345 [INFO] Page 7: found 59 new product URLs (total 419)
2026-08-25 04:35:51,811 [INFO] Page 8: found 60 new product URLs (total 479)
2026-08-25 04:35:54,555 [INFO] Page 9: found 60 new product URLs (total 539)
2026-08-25 04:35:57,302 [INFO] Page 10: found 60 new product URLs (total 599)
2026-08-25 04:36:00,106 [INFO] Page 11: found 60 new product URLs (total 659)
2026-08-25 04:36:03,085 [INFO] Page 12: found 60 new product URLs (total 719)
2026-08-25 04:36:05,865 [INFO] Page 13: found 60 new product URLs (total 779)
2026-08-25 04:36:08,818 [INFO] Page 14: found 60 new product URLs (total 839)
2026-08-25 04:36:11,275 [INFO] Page 15: found 60 new product URLs (total 899)
2026-08-25 04:36:13,800 [INFO] Page 16: found 60 new product URLs (total 959)
2026-08-25 04:36:16,831 [INFO] Page 17: found 60 new product URLs (total 1019)
2026-08-25 04:36:19,288 [INFO] Page 18: found 60 new product URLs (total 1079)
2026-08-25 04:36:22,129 [INFO] Page 19: found 60 new product URLs (total 1139)
2026-08-25 04:36:25,183 [INFO] Page 20: found 60 new product URLs (total 1199)
2026-08-25 04:36:28,545 [INFO] Page 21: found 60 new product URLs (total 1259)
2026-08-25 04:36:31,079 [INFO] Page 22: found 60 new product URLs (total 1319)
2026-08-25 04:36:33,694 [INFO] Page 23: found 60 new product URLs (total 1379)
2026-08-25 04:36:36,206 [INFO] Page 24: found 60 new product URLs (total 1439)
2026-08-25 04:36:38,820 [INFO] Page 25: found 49 new product URLs (total 1488)
2026-08-25 04:36:40,295 [INFO] Page 26: no new products — stopping pagination
2026-08-25 04:36:40,297 [INFO] Found 1488 unique product URLs
2026-08-25 04:55:55,132 [WARNING] No sizes found for https://uk.representclo.com/products/london-store-hoodie-jet-black
2026-08-25 04:55:56,362 [WARNING] No sizes found for https://uk.representclo.com/products/london-store-t-shirt-flat-white
2026-08-25 04:55:57,634 [WARNING] No sizes found for https://uk.representclo.com/products/london-store-t-shirt-jet-black
2026-08-25 04:56:23,861 [WARNING] No sizes found for https://uk.representclo.com/products/manchester-store-hoodie-black
2026-08-25 04:56:25,206 [WARNING] No sizes found for https://uk.representclo.com/products/manchester-store-hoodie-flat-white
2026-08-25 04:56:26,485 [WARNING] No sizes found for https://uk.representclo.com/products/manchester-store-t-shirt-black
2026-08-25 04:56:27,756 [WARNING] No sizes found for https://uk.representclo.com/products/manchester-store-t-shirt-flat-white
2026-08-25 04:58:26,142 [WARNING] No sizes found for https://uk.representclo.com/products/owners-club-cafe-hat-antique-white
2026-08-25 04:58:27,338 [WARNING] No sizes found for https://uk.representclo.com/products/owners-club-cafe-hat-black-coffee
2026-08-25 04:58:28,554 [WARNING] No sizes found for https://uk.representclo.com/products/owners-club-cafe-hoodie-black-coffee
2026-08-25 04:58:29,890 [WARNING] No sizes found for https://uk.representclo.com/products/owners-club-cafe-t-shirt-antique-white
2026-08-25 04:58:31,097 [WARNING] No sizes found for https://uk.representclo.com/products/owners-club-cafe-t-shirt-black-coffee
2026-08-25 05:11:45,571 [WARNING] No sizes found for https://uk.representclo.com/products/three-dogs-jersey-jet-black
2026-08-25 05:11:46,877 [WARNING] No sizes found for https://uk.representclo.com/products/three-dogs-jersey-mid-brown
2026-08-25 05:13:15,099 [WARNING] No sizes found for https://uk.representclo.com/products/your-times-up-hoodie-vintage-grey-vintage-black
2026-08-25 05:13:16,277 [WARNING] No sizes found for https://uk.representclo.com/products/your-times-up-t-shirt-vintage-grey-vintage-black
2026-08-25 05:13:18,421 [INFO] Saved 9154 rows to outputs/Чудокаталог - 25.08.2026.csv
2026-08-25 05:13:20,104 [INFO] Excel report saved to outputs/Чудокаталог - 25.08.2026.xlsx
2026-08-25 05:13:20,104 [INFO] Done. Saved 9154 rows to outputs/Чудокаталог - 25.08.2026.csv and outputs/Чудокаталог - 25.08.2026.xlsx
