2026-09-01 09:09:14,030 [INFO] Catalog: 'Чудокаталог' — Date: 01.09.2026
2026-09-01 09:09:14,030 [INFO] Output file: outputs/Чудокаталог - 01.09.2026.xlsx
2026-09-01 09:09:14,030 [INFO] URL source: TARGET.txt
2026-09-01 09:09:14,030 [INFO] Collection URL(s) to scrape: ['https://uk.representclo.com/collections/all']
2026-09-01 09:09:14,030 [INFO] Collecting product URLs...
2026-09-01 09:09:16,246 [INFO] Page 1: found 64 new product URLs (total 64)
2026-09-01 09:09:18,604 [INFO] Page 2: found 59 new product URLs (total 123)
2026-09-01 09:09:21,701 [INFO] Page 3: found 60 new product URLs (total 183)
2026-09-01 09:09:24,552 [INFO] Page 4: found 60 new product URLs (total 243)
2026-09-01 09:09:27,070 [INFO] Page 5: found 59 new product URLs (total 302)
2026-09-01 09:09:29,497 [INFO] Page 6: found 59 new product URLs (total 361)
2026-09-01 09:09:31,824 [INFO] Page 7: found 59 new product URLs (total 420)
2026-09-01 09:09:34,944 [INFO] Page 8: found 60 new product URLs (total 480)
2026-09-01 09:09:37,201 [INFO] Page 9: found 59 new product URLs (total 539)
2026-09-01 09:09:40,277 [INFO] Page 10: found 60 new product URLs (total 599)
2026-09-01 09:09:43,103 [INFO] Page 11: found 60 new product URLs (total 659)
2026-09-01 09:09:46,173 [INFO] Page 12: found 60 new product URLs (total 719)
2026-09-01 09:09:49,007 [INFO] Page 13: found 60 new product URLs (total 779)
2026-09-01 09:09:51,824 [INFO] Page 14: found 60 new product URLs (total 839)
2026-09-01 09:09:54,552 [INFO] Page 15: found 60 new product URLs (total 899)
2026-09-01 09:09:57,008 [INFO] Page 16: found 60 new product URLs (total 959)
2026-09-01 09:09:59,804 [INFO] Page 17: found 60 new product URLs (total 1019)
2026-09-01 09:10:02,587 [INFO] Page 18: found 60 new product URLs (total 1079)
2026-09-01 09:10:05,337 [INFO] Page 19: found 60 new product URLs (total 1139)
2026-09-01 09:10:08,055 [INFO] Page 20: found 60 new product URLs (total 1199)
2026-09-01 09:10:11,147 [INFO] Page 21: found 60 new product URLs (total 1259)
2026-09-01 09:10:14,101 [INFO] Page 22: found 60 new product URLs (total 1319)
2026-09-01 09:10:17,027 [INFO] Page 23: found 60 new product URLs (total 1379)
2026-09-01 09:10:19,519 [INFO] Page 24: found 60 new product URLs (total 1439)
2026-09-01 09:10:22,300 [INFO] Page 25: found 54 new product URLs (total 1493)
2026-09-01 09:10:23,788 [INFO] Page 26: no new products — stopping pagination
2026-09-01 09:10:23,790 [INFO] Found 1493 unique product URLs
2026-09-01 09:30:19,790 [WARNING] No sizes found for https://uk.representclo.com/products/london-store-hoodie-jet-black
2026-09-01 09:30:21,204 [WARNING] No sizes found for https://uk.representclo.com/products/london-store-t-shirt-flat-white
2026-09-01 09:30:22,821 [WARNING] No sizes found for https://uk.representclo.com/products/london-store-t-shirt-jet-black
2026-09-01 09:30:49,921 [WARNING] No sizes found for https://uk.representclo.com/products/manchester-store-hoodie-black
2026-09-01 09:30:51,175 [WARNING] No sizes found for https://uk.representclo.com/products/manchester-store-hoodie-flat-white
2026-09-01 09:30:52,440 [WARNING] No sizes found for https://uk.representclo.com/products/manchester-store-t-shirt-black
2026-09-01 09:30:54,151 [WARNING] No sizes found for https://uk.representclo.com/products/manchester-store-t-shirt-flat-white
2026-09-01 09:33:03,820 [WARNING] No sizes found for https://uk.representclo.com/products/owners-club-cafe-hat-antique-white
2026-09-01 09:33:05,170 [WARNING] No sizes found for https://uk.representclo.com/products/owners-club-cafe-hat-black-coffee
2026-09-01 09:33:06,478 [WARNING] No sizes found for https://uk.representclo.com/products/owners-club-cafe-hoodie-black-coffee
2026-09-01 09:33:07,853 [WARNING] No sizes found for https://uk.representclo.com/products/owners-club-cafe-t-shirt-antique-white
2026-09-01 09:33:09,050 [WARNING] No sizes found for https://uk.representclo.com/products/owners-club-cafe-t-shirt-black-coffee
2026-09-01 09:46:28,561 [WARNING] No sizes found for https://uk.representclo.com/products/three-dogs-jersey-jet-black
2026-09-01 09:46:29,882 [WARNING] No sizes found for https://uk.representclo.com/products/three-dogs-jersey-mid-brown
2026-09-01 09:47:50,116 [WARNING] No sizes found for https://uk.representclo.com/products/your-times-up-hoodie-vintage-grey-vintage-black
2026-09-01 09:47:51,453 [WARNING] No sizes found for https://uk.representclo.com/products/your-times-up-t-shirt-vintage-grey-vintage-black
2026-09-01 09:47:53,639 [INFO] Saved 9187 rows to outputs/Чудокаталог - 01.09.2026.csv
2026-09-01 09:47:54,975 [INFO] Excel report saved to outputs/Чудокаталог - 01.09.2026.xlsx
2026-09-01 09:47:54,976 [INFO] Done. Saved 9187 rows to outputs/Чудокаталог - 01.09.2026.csv and outputs/Чудокаталог - 01.09.2026.xlsx
