2026-09-02 08:22:47,269 [INFO] Catalog: 'Чудокаталог' — Date: 02.09.2026
2026-09-02 08:22:47,269 [INFO] Output file: outputs/Чудокаталог - 02.09.2026.xlsx
2026-09-02 08:22:47,270 [INFO] URL source: TARGET.txt
2026-09-02 08:22:47,270 [INFO] Collection URL(s) to scrape: ['https://uk.representclo.com/collections/all']
2026-09-02 08:22:47,270 [INFO] Collecting product URLs...
2026-09-02 08:22:49,644 [INFO] Page 1: found 64 new product URLs (total 64)
2026-09-02 08:22:52,138 [INFO] Page 2: found 59 new product URLs (total 123)
2026-09-02 08:22:55,571 [INFO] Page 3: found 60 new product URLs (total 183)
2026-09-02 08:22:58,193 [INFO] Page 4: found 60 new product URLs (total 243)
2026-09-02 08:23:00,938 [INFO] Page 5: found 59 new product URLs (total 302)
2026-09-02 08:23:04,093 [INFO] Page 6: found 59 new product URLs (total 361)
2026-09-02 08:23:06,913 [INFO] Page 7: found 59 new product URLs (total 420)
2026-09-02 08:23:09,528 [INFO] Page 8: found 60 new product URLs (total 480)
2026-09-02 08:23:12,141 [INFO] Page 9: found 59 new product URLs (total 539)
2026-09-02 08:23:15,008 [INFO] Page 10: found 60 new product URLs (total 599)
2026-09-02 08:23:18,077 [INFO] Page 11: found 60 new product URLs (total 659)
2026-09-02 08:23:21,215 [INFO] Page 12: found 60 new product URLs (total 719)
2026-09-02 08:23:24,279 [INFO] Page 13: found 60 new product URLs (total 779)
2026-09-02 08:23:27,264 [INFO] Page 14: found 60 new product URLs (total 839)
2026-09-02 08:23:29,835 [INFO] Page 15: found 60 new product URLs (total 899)
2026-09-02 08:23:32,601 [INFO] Page 16: found 60 new product URLs (total 959)
2026-09-02 08:23:35,814 [INFO] Page 17: found 60 new product URLs (total 1019)
2026-09-02 08:23:38,774 [INFO] Page 18: found 60 new product URLs (total 1079)
2026-09-02 08:23:41,155 [INFO] Page 19: found 60 new product URLs (total 1139)
2026-09-02 08:23:43,853 [INFO] Page 20: found 60 new product URLs (total 1199)
2026-09-02 08:23:46,535 [INFO] Page 21: found 60 new product URLs (total 1259)
2026-09-02 08:23:48,807 [INFO] Page 22: found 60 new product URLs (total 1319)
2026-09-02 08:23:51,560 [INFO] Page 23: found 60 new product URLs (total 1379)
2026-09-02 08:23:54,735 [INFO] Page 24: found 60 new product URLs (total 1439)
2026-09-02 08:23:57,716 [INFO] Page 25: found 54 new product URLs (total 1493)
2026-09-02 08:23:59,217 [INFO] Page 26: no new products — stopping pagination
2026-09-02 08:23:59,220 [INFO] Found 1493 unique product URLs
2026-09-02 08:45:45,947 [WARNING] No sizes found for https://uk.representclo.com/products/london-store-hoodie-jet-black
2026-09-02 08:45:47,343 [WARNING] No sizes found for https://uk.representclo.com/products/london-store-t-shirt-flat-white
2026-09-02 08:45:48,715 [WARNING] No sizes found for https://uk.representclo.com/products/london-store-t-shirt-jet-black
2026-09-02 08:46:19,624 [WARNING] No sizes found for https://uk.representclo.com/products/manchester-store-hoodie-black
2026-09-02 08:46:21,051 [WARNING] No sizes found for https://uk.representclo.com/products/manchester-store-hoodie-flat-white
2026-09-02 08:46:22,534 [WARNING] No sizes found for https://uk.representclo.com/products/manchester-store-t-shirt-black
2026-09-02 08:46:23,898 [WARNING] No sizes found for https://uk.representclo.com/products/manchester-store-t-shirt-flat-white
2026-09-02 08:48:44,749 [WARNING] No sizes found for https://uk.representclo.com/products/owners-club-cafe-hat-antique-white
2026-09-02 08:48:46,001 [WARNING] No sizes found for https://uk.representclo.com/products/owners-club-cafe-hat-black-coffee
2026-09-02 08:48:47,365 [WARNING] No sizes found for https://uk.representclo.com/products/owners-club-cafe-hoodie-black-coffee
2026-09-02 08:48:49,123 [WARNING] No sizes found for https://uk.representclo.com/products/owners-club-cafe-t-shirt-antique-white
2026-09-02 08:48:50,592 [WARNING] No sizes found for https://uk.representclo.com/products/owners-club-cafe-t-shirt-black-coffee
2026-09-02 09:04:12,567 [WARNING] No sizes found for https://uk.representclo.com/products/three-dogs-jersey-jet-black
2026-09-02 09:04:13,958 [WARNING] No sizes found for https://uk.representclo.com/products/three-dogs-jersey-mid-brown
2026-09-02 09:05:46,656 [WARNING] No sizes found for https://uk.representclo.com/products/your-times-up-hoodie-vintage-grey-vintage-black
2026-09-02 09:05:48,197 [WARNING] No sizes found for https://uk.representclo.com/products/your-times-up-t-shirt-vintage-grey-vintage-black
2026-09-02 09:05:50,454 [INFO] Saved 9187 rows to outputs/Чудокаталог - 02.09.2026.csv
2026-09-02 09:05:51,859 [INFO] Excel report saved to outputs/Чудокаталог - 02.09.2026.xlsx
2026-09-02 09:05:51,859 [INFO] Done. Saved 9187 rows to outputs/Чудокаталог - 02.09.2026.csv and outputs/Чудокаталог - 02.09.2026.xlsx
