2026-09-13 08:49:49,789 [INFO] Catalog: 'Чудокаталог' — Date: 13.09.2026
2026-09-13 08:49:49,789 [INFO] Output file: outputs/Чудокаталог - 13.09.2026.xlsx
2026-09-13 08:49:49,789 [INFO] URL source: TARGET.txt
2026-09-13 08:49:49,789 [INFO] Collection URL(s) to scrape: ['https://uk.representclo.com/collections/all']
2026-09-13 08:49:49,789 [INFO] Collecting product URLs...
2026-09-13 08:49:51,966 [INFO] Page 1: found 66 new product URLs (total 66)
2026-09-13 08:49:53,242 [INFO] Page 2: found 57 new product URLs (total 123)
2026-09-13 08:49:56,075 [INFO] Page 3: found 60 new product URLs (total 183)
2026-09-13 08:49:59,351 [INFO] Page 4: found 60 new product URLs (total 243)
2026-09-13 08:50:02,766 [INFO] Page 5: found 59 new product URLs (total 302)
2026-09-13 08:50:05,364 [INFO] Page 6: found 59 new product URLs (total 361)
2026-09-13 08:50:08,431 [INFO] Page 7: found 60 new product URLs (total 421)
2026-09-13 08:50:11,053 [INFO] Page 8: found 58 new product URLs (total 479)
2026-09-13 08:50:13,717 [INFO] Page 9: found 60 new product URLs (total 539)
2026-09-13 08:50:16,413 [INFO] Page 10: found 60 new product URLs (total 599)
2026-09-13 08:50:19,292 [INFO] Page 11: found 60 new product URLs (total 659)
2026-09-13 08:50:22,449 [INFO] Page 12: found 60 new product URLs (total 719)
2026-09-13 08:50:25,411 [INFO] Page 13: found 60 new product URLs (total 779)
2026-09-13 08:50:28,440 [INFO] Page 14: found 60 new product URLs (total 839)
2026-09-13 08:50:31,153 [INFO] Page 15: found 60 new product URLs (total 899)
2026-09-13 08:50:33,997 [INFO] Page 16: found 60 new product URLs (total 959)
2026-09-13 08:50:36,949 [INFO] Page 17: found 60 new product URLs (total 1019)
2026-09-13 08:50:39,927 [INFO] Page 18: found 60 new product URLs (total 1079)
2026-09-13 08:50:42,453 [INFO] Page 19: found 60 new product URLs (total 1139)
2026-09-13 08:50:45,070 [INFO] Page 20: found 60 new product URLs (total 1199)
2026-09-13 08:50:47,536 [INFO] Page 21: found 60 new product URLs (total 1259)
2026-09-13 08:50:50,475 [INFO] Page 22: found 60 new product URLs (total 1319)
2026-09-13 08:50:53,384 [INFO] Page 23: found 60 new product URLs (total 1379)
2026-09-13 08:50:55,991 [INFO] Page 24: found 60 new product URLs (total 1439)
2026-09-13 08:50:58,719 [INFO] Page 25: found 60 new product URLs (total 1499)
2026-09-13 08:51:01,154 [INFO] Page 26: found 59 new product URLs (total 1558)
2026-09-13 08:51:02,654 [INFO] Page 27: no new products — stopping pagination
2026-09-13 08:51:02,655 [INFO] Found 1558 unique product URLs
2026-09-13 09:13:13,610 [WARNING] No sizes found for https://uk.representclo.com/products/london-store-hoodie-jet-black
2026-09-13 09:13:15,127 [WARNING] No sizes found for https://uk.representclo.com/products/london-store-t-shirt-flat-white
2026-09-13 09:13:16,506 [WARNING] No sizes found for https://uk.representclo.com/products/london-store-t-shirt-jet-black
2026-09-13 09:13:48,644 [WARNING] No sizes found for https://uk.representclo.com/products/manchester-store-hoodie-black
2026-09-13 09:13:50,614 [WARNING] No sizes found for https://uk.representclo.com/products/manchester-store-hoodie-flat-white
2026-09-13 09:13:51,922 [WARNING] No sizes found for https://uk.representclo.com/products/manchester-store-t-shirt-black
2026-09-13 09:13:53,905 [WARNING] No sizes found for https://uk.representclo.com/products/manchester-store-t-shirt-flat-white
2026-09-13 09:16:20,650 [WARNING] No sizes found for https://uk.representclo.com/products/owners-club-cafe-hat-antique-white
2026-09-13 09:16:22,129 [WARNING] No sizes found for https://uk.representclo.com/products/owners-club-cafe-hat-black-coffee
2026-09-13 09:16:23,561 [WARNING] No sizes found for https://uk.representclo.com/products/owners-club-cafe-hoodie-black-coffee
2026-09-13 09:16:24,868 [WARNING] No sizes found for https://uk.representclo.com/products/owners-club-cafe-t-shirt-antique-white
2026-09-13 09:16:26,202 [WARNING] No sizes found for https://uk.representclo.com/products/owners-club-cafe-t-shirt-black-coffee
2026-09-13 09:31:37,968 [WARNING] No sizes found for https://uk.representclo.com/products/three-dogs-jersey-jet-black
2026-09-13 09:31:39,589 [WARNING] No sizes found for https://uk.representclo.com/products/three-dogs-jersey-mid-brown
2026-09-13 09:33:19,562 [WARNING] No sizes found for https://uk.representclo.com/products/your-times-up-hoodie-vintage-grey-vintage-black
2026-09-13 09:33:21,029 [WARNING] No sizes found for https://uk.representclo.com/products/your-times-up-t-shirt-vintage-grey-vintage-black
2026-09-13 09:33:23,263 [INFO] Saved 9585 rows to outputs/Чудокаталог - 13.09.2026.csv
2026-09-13 09:33:24,960 [INFO] Excel report saved to outputs/Чудокаталог - 13.09.2026.xlsx
2026-09-13 09:33:24,960 [INFO] Done. Saved 9585 rows to outputs/Чудокаталог - 13.09.2026.csv and outputs/Чудокаталог - 13.09.2026.xlsx
