2026-08-13 05:38:26,608 [INFO] Catalog: 'Чудокаталог' — Date: 13.08.2026
2026-08-13 05:38:26,608 [INFO] Output file: outputs/Чудокаталог - 13.08.2026.xlsx
2026-08-13 05:38:26,608 [INFO] URL source: TARGET.txt
2026-08-13 05:38:26,608 [INFO] Collection URL(s) to scrape: ['https://uk.representclo.com/collections/all']
2026-08-13 05:38:26,608 [INFO] Collecting product URLs...
2026-08-13 05:38:28,758 [INFO] Page 1: found 63 new product URLs (total 63)
2026-08-13 05:38:31,359 [INFO] Page 2: found 60 new product URLs (total 123)
2026-08-13 05:38:34,417 [INFO] Page 3: found 60 new product URLs (total 183)
2026-08-13 05:38:37,009 [INFO] Page 4: found 60 new product URLs (total 243)
2026-08-13 05:38:40,165 [INFO] Page 5: found 60 new product URLs (total 303)
2026-08-13 05:38:42,816 [INFO] Page 6: found 60 new product URLs (total 363)
2026-08-13 05:38:45,381 [INFO] Page 7: found 59 new product URLs (total 422)
2026-08-13 05:38:47,831 [INFO] Page 8: found 58 new product URLs (total 480)
2026-08-13 05:38:50,398 [INFO] Page 9: found 59 new product URLs (total 539)
2026-08-13 05:38:52,930 [INFO] Page 10: found 60 new product URLs (total 599)
2026-08-13 05:38:55,490 [INFO] Page 11: found 60 new product URLs (total 659)
2026-08-13 05:38:58,439 [INFO] Page 12: found 60 new product URLs (total 719)
2026-08-13 05:39:01,252 [INFO] Page 13: found 60 new product URLs (total 779)
2026-08-13 05:39:04,329 [INFO] Page 14: found 60 new product URLs (total 839)
2026-08-13 05:39:07,409 [INFO] Page 15: found 60 new product URLs (total 899)
2026-08-13 05:39:10,018 [INFO] Page 16: found 60 new product URLs (total 959)
2026-08-13 05:39:12,896 [INFO] Page 17: found 60 new product URLs (total 1019)
2026-08-13 05:39:15,328 [INFO] Page 18: found 60 new product URLs (total 1079)
2026-08-13 05:39:17,955 [INFO] Page 19: found 60 new product URLs (total 1139)
2026-08-13 05:39:20,993 [INFO] Page 20: found 60 new product URLs (total 1199)
2026-08-13 05:39:23,641 [INFO] Page 21: found 60 new product URLs (total 1259)
2026-08-13 05:39:26,846 [INFO] Page 22: found 60 new product URLs (total 1319)
2026-08-13 05:39:29,590 [INFO] Page 23: found 60 new product URLs (total 1379)
2026-08-13 05:39:32,032 [INFO] Page 24: found 60 new product URLs (total 1439)
2026-08-13 05:39:34,163 [INFO] Page 25: found 37 new product URLs (total 1476)
2026-08-13 05:39:35,651 [INFO] Page 26: no new products — stopping pagination
2026-08-13 05:39:35,653 [INFO] Found 1476 unique product URLs
2026-08-13 05:58:46,736 [WARNING] No sizes found for https://uk.representclo.com/products/london-store-hoodie-jet-black
2026-08-13 05:58:48,100 [WARNING] No sizes found for https://uk.representclo.com/products/london-store-t-shirt-flat-white
2026-08-13 05:58:49,460 [WARNING] No sizes found for https://uk.representclo.com/products/london-store-t-shirt-jet-black
2026-08-13 05:59:17,619 [WARNING] No sizes found for https://uk.representclo.com/products/manchester-store-hoodie-black
2026-08-13 05:59:19,294 [WARNING] No sizes found for https://uk.representclo.com/products/manchester-store-hoodie-flat-white
2026-08-13 05:59:20,838 [WARNING] No sizes found for https://uk.representclo.com/products/manchester-store-t-shirt-black
2026-08-13 05:59:22,400 [WARNING] No sizes found for https://uk.representclo.com/products/manchester-store-t-shirt-flat-white
2026-08-13 06:01:32,809 [WARNING] No sizes found for https://uk.representclo.com/products/owners-club-cafe-hat-antique-white
2026-08-13 06:01:34,498 [WARNING] No sizes found for https://uk.representclo.com/products/owners-club-cafe-hat-black-coffee
2026-08-13 06:01:35,428 [WARNING] No sizes found for https://uk.representclo.com/products/owners-club-cafe-hoodie-black-coffee
2026-08-13 06:01:36,851 [WARNING] No sizes found for https://uk.representclo.com/products/owners-club-cafe-t-shirt-antique-white
2026-08-13 06:01:38,389 [WARNING] No sizes found for https://uk.representclo.com/products/owners-club-cafe-t-shirt-black-coffee
2026-08-13 06:15:42,092 [WARNING] No sizes found for https://uk.representclo.com/products/three-dogs-jersey-jet-black
2026-08-13 06:15:43,152 [WARNING] No sizes found for https://uk.representclo.com/products/three-dogs-jersey-mid-brown
2026-08-13 06:17:06,195 [WARNING] No sizes found for https://uk.representclo.com/products/your-times-up-hoodie-vintage-grey-vintage-black
2026-08-13 06:17:07,616 [WARNING] No sizes found for https://uk.representclo.com/products/your-times-up-t-shirt-vintage-grey-vintage-black
2026-08-13 06:17:09,801 [INFO] Saved 9088 rows to outputs/Чудокаталог - 13.08.2026.csv
2026-08-13 06:17:10,947 [INFO] Excel report saved to outputs/Чудокаталог - 13.08.2026.xlsx
2026-08-13 06:17:10,948 [INFO] Done. Saved 9088 rows to outputs/Чудокаталог - 13.08.2026.csv and outputs/Чудокаталог - 13.08.2026.xlsx
