2026-08-14 05:36:38,463 [INFO] Catalog: 'Чудокаталог' — Date: 14.08.2026
2026-08-14 05:36:38,463 [INFO] Output file: outputs/Чудокаталог - 14.08.2026.xlsx
2026-08-14 05:36:38,463 [INFO] URL source: TARGET.txt
2026-08-14 05:36:38,463 [INFO] Collection URL(s) to scrape: ['https://uk.representclo.com/collections/all']
2026-08-14 05:36:38,463 [INFO] Collecting product URLs...
2026-08-14 05:36:41,124 [INFO] Page 1: found 63 new product URLs (total 63)
2026-08-14 05:36:44,459 [INFO] Page 2: found 60 new product URLs (total 123)
2026-08-14 05:36:48,309 [INFO] Page 3: found 60 new product URLs (total 183)
2026-08-14 05:36:51,703 [INFO] Page 4: found 60 new product URLs (total 243)
2026-08-14 05:36:55,029 [INFO] Page 5: found 60 new product URLs (total 303)
2026-08-14 05:36:58,053 [INFO] Page 6: found 59 new product URLs (total 362)
2026-08-14 05:37:01,236 [INFO] Page 7: found 59 new product URLs (total 421)
2026-08-14 05:37:03,881 [INFO] Page 8: found 58 new product URLs (total 479)
2026-08-14 05:37:07,040 [INFO] Page 9: found 60 new product URLs (total 539)
2026-08-14 05:37:10,032 [INFO] Page 10: found 60 new product URLs (total 599)
2026-08-14 05:37:13,113 [INFO] Page 11: found 60 new product URLs (total 659)
2026-08-14 05:37:16,009 [INFO] Page 12: found 60 new product URLs (total 719)
2026-08-14 05:37:18,996 [INFO] Page 13: found 60 new product URLs (total 779)
2026-08-14 05:37:21,863 [INFO] Page 14: found 60 new product URLs (total 839)
2026-08-14 05:37:24,893 [INFO] Page 15: found 60 new product URLs (total 899)
2026-08-14 05:37:28,347 [INFO] Page 16: found 60 new product URLs (total 959)
2026-08-14 05:37:31,510 [INFO] Page 17: found 60 new product URLs (total 1019)
2026-08-14 05:37:34,658 [INFO] Page 18: found 60 new product URLs (total 1079)
2026-08-14 05:37:37,745 [INFO] Page 19: found 60 new product URLs (total 1139)
2026-08-14 05:37:40,609 [INFO] Page 20: found 60 new product URLs (total 1199)
2026-08-14 05:37:43,580 [INFO] Page 21: found 60 new product URLs (total 1259)
2026-08-14 05:37:46,804 [INFO] Page 22: found 60 new product URLs (total 1319)
2026-08-14 05:37:49,799 [INFO] Page 23: found 60 new product URLs (total 1379)
2026-08-14 05:37:52,728 [INFO] Page 24: found 60 new product URLs (total 1439)
2026-08-14 05:37:54,915 [INFO] Page 25: found 37 new product URLs (total 1476)
2026-08-14 05:37:56,577 [INFO] Page 26: no new products — stopping pagination
2026-08-14 05:37:56,578 [INFO] Found 1476 unique product URLs
2026-08-14 05:59:44,146 [WARNING] No sizes found for https://uk.representclo.com/products/london-store-hoodie-jet-black
2026-08-14 05:59:45,770 [WARNING] No sizes found for https://uk.representclo.com/products/london-store-t-shirt-flat-white
2026-08-14 05:59:47,381 [WARNING] No sizes found for https://uk.representclo.com/products/london-store-t-shirt-jet-black
2026-08-14 06:00:17,597 [WARNING] No sizes found for https://uk.representclo.com/products/manchester-store-hoodie-black
2026-08-14 06:00:19,058 [WARNING] No sizes found for https://uk.representclo.com/products/manchester-store-hoodie-flat-white
2026-08-14 06:00:20,583 [WARNING] No sizes found for https://uk.representclo.com/products/manchester-store-t-shirt-black
2026-08-14 06:00:22,954 [WARNING] No sizes found for https://uk.representclo.com/products/manchester-store-t-shirt-flat-white
2026-08-14 06:02:47,581 [WARNING] No sizes found for https://uk.representclo.com/products/owners-club-cafe-hat-antique-white
2026-08-14 06:02:49,201 [WARNING] No sizes found for https://uk.representclo.com/products/owners-club-cafe-hat-black-coffee
2026-08-14 06:02:50,743 [WARNING] No sizes found for https://uk.representclo.com/products/owners-club-cafe-hoodie-black-coffee
2026-08-14 06:02:52,337 [WARNING] No sizes found for https://uk.representclo.com/products/owners-club-cafe-t-shirt-antique-white
2026-08-14 06:02:53,413 [WARNING] No sizes found for https://uk.representclo.com/products/owners-club-cafe-t-shirt-black-coffee
2026-08-14 06:18:23,635 [WARNING] No sizes found for https://uk.representclo.com/products/three-dogs-jersey-jet-black
2026-08-14 06:18:24,765 [WARNING] No sizes found for https://uk.representclo.com/products/three-dogs-jersey-mid-brown
2026-08-14 06:19:56,185 [WARNING] No sizes found for https://uk.representclo.com/products/your-times-up-hoodie-vintage-grey-vintage-black
2026-08-14 06:19:57,697 [WARNING] No sizes found for https://uk.representclo.com/products/your-times-up-t-shirt-vintage-grey-vintage-black
2026-08-14 06:20:00,192 [INFO] Saved 9088 rows to outputs/Чудокаталог - 14.08.2026.csv
2026-08-14 06:20:01,773 [INFO] Excel report saved to outputs/Чудокаталог - 14.08.2026.xlsx
2026-08-14 06:20:01,773 [INFO] Done. Saved 9088 rows to outputs/Чудокаталог - 14.08.2026.csv and outputs/Чудокаталог - 14.08.2026.xlsx
